******************************************************************************
                  TI ARM Linker PC v18.12.4                    
******************************************************************************
>> Linked Thu Feb 13 09:15:43 2020

OUTPUT FILE NAME:   <event_MSP_EXP432P401R_tirtos_ccs.out>
ENTRY POINT SYMBOL: "_c_int00"  address: 00006989


MEMORY CONFIGURATION

         name            origin    length      used     unused   attr    fill
----------------------  --------  ---------  --------  --------  ----  --------
  MAIN                  00000000   00040000  0000b9b9  00034647  R  X
  INFO                  00200000   00004000  00000000  00004000  R  X
  SRAM_CODE             01000000   00010000  000094e8  00006b18  RW X
  SRAM_DATA             20000000   00010000  000094e8  00006b18  RW  


SEGMENT ALLOCATION MAP

run origin  load origin   length   init length attrs members
----------  ----------- ---------- ----------- ----- -------
00000000    00000000    0000b9c0   0000b9c0    r-x
  00000000    00000000    0000003c   0000003c    r-- .resetVecs
  00000040    00000040    00008f4a   00008f4a    r-x .text
  00008f8c    00008f8c    000027ab   000027ab    r-- .const
  0000b738    0000b738    00000288   00000288    r-- .cinit
20000140    20000140    00008000   00000000    r--
  20000140    20000140    00008000   00000000    r-- .priheap
20008140    20008140    00000fa8   00000000    rw-
  20008140    20008140    00000844   00000000    rw- .bss
  20008984    20008984    00000764   00000000    rw- .data
2000fc00    2000fc00    00000400   00000000    rw-
  2000fc00    2000fc00    00000400   00000000    rw- .stack


SECTION ALLOCATION MAP

 output                                  attributes/
section   page    origin      length       input sections
--------  ----  ----------  ----------   ----------------
.text      0    00000040    00008f4a     
                  00000040    00000db4     MSOE_LIB.lib : msoe_lib_lcd.obj (.text)
                  00000df4    00000a4e     rtsv7M4_T_le_v4SPD16_eabi.lib : _printfi.c.obj (.text:__TI_printfi)
                  00001842    00000006     ti.targets.arm.rtsarm.aem4f : System.oem4f (.text:xdc_runtime_System_Module_startup__E)
                  00001848    00000430     sysbios.aem4f : BIOS.obj (.text:ti_sysbios_family_arm_m3_Hwi_excDumpRegs__I)
                  00001c78    00000340     ti.targets.arm.rtsarm.aem4f : System.oem4f (.text:xdc_runtime_System_doPrint__I)
                  00001fb8    000002f8     drivers_msp432p401x.aem4f : PowerMSP432.oem4f (.text:Power_sleep)
                  000022b0    0000028a     msp432p4xx_driverlib.lib : pcm.o (.text:__PCM_setPowerStateAdvanced)
                  0000253a    00000002     ti_drivers_config.obj (.text:Board_initHook)
                  0000253c    00000288     drivers_msp432p401x.aem4f : PowerMSP432.oem4f (.text:initPerfControl)
                  000027c4    00000270     rtsv7M4_T_le_v4SPD16_eabi.lib : _printfi.c.obj (.text:_pconv_a)
                  00002a34    000001d0                                   : _printfi.c.obj (.text:_pconv_g)
                  00002c04    000001b6                                   : fd_add_t2.asm.obj (.text)
                  00002dba    00000004     msp432p4xx_driverlib.lib : cpu.o (.text:CPU_wfi)
                  00002dbe    00000002     dpl_msp432p401x.aem4f : PowerMSP432_tirtos.oem4f (.text:PowerMSP432_initPolicy)
                  00002dc0    00000174     sysbios.aem4f : BIOS.obj (.text:ti_sysbios_family_arm_m3_Hwi_excBusFault__I)
                  00002f34    00000004     rtsv7M4_T_le_v4SPD16_eabi.lib : printf.c.obj (.text:_outc)
                  00002f38    00000164     sysbios.aem4f : BIOS.obj (.text:ti_sysbios_family_arm_m3_Hwi_excUsageFault__I)
                  0000309c    00000004     rtsv7M4_T_le_v4SPD16_eabi.lib : printf.c.obj (.text:_outs)
                  000030a0    00000160     sysbios.aem4f : BIOS.obj (.text:ti_sysbios_knl_Semaphore_pend__E)
                  00003200    0000015c     msp432p4xx_driverlib.lib : pcm.o (.text:__PCM_setPowerModeAdvanced)
                  0000335c    00000004     rtsv7M4_T_le_v4SPD16_eabi.lib : exit.c.obj (.text:abort:abort)
                  00003360    00000158     sysbios.aem4f : BIOS.obj (.text:ti_sysbios_knl_Event_pend__E)
                  000034b8    00000148                   : BIOS.obj (.text:ti_sysbios_family_arm_m3_Hwi_excMemFault__I)
                  00003600    0000013c     rtsv7M4_T_le_v4SPD16_eabi.lib : _printfi.c.obj (.text:_pconv_e)
                  0000373c    00000136                                   : fd_div_t2.asm.obj (.text)
                  00003872    00000002                                   : _lock.c.obj (.text:_nop)
                  00003874    00000124                                   : _printfi.c.obj (.text:fcvt)
                  00003998    00000114                                   : fputs.c.obj (.text:fputs)
                  00003aac    00000110                                   : s_scalbn.c.obj (.text:scalbn)
                  00003bbc    00000004     event_pem4f.oem4f (.text:ti_sysbios_BIOS_RtsGateProxy_enter__E)
                  00003bc0    0000010c     sysbios.aem4f : BIOS.obj (.text:ti_sysbios_family_arm_m3_Hwi_excHandlerMax__I)
                  00003ccc    00000108     msp432p4xx_driverlib.lib : pcm.o (.text:__PCM_setCoreVoltageLevelAdvanced)
                  00003dd4    00000004     event_pem4f.oem4f (.text:ti_sysbios_BIOS_RtsGateProxy_leave__E)
                  00003dd8    00000108     sysbios.aem4f : BIOS.obj (.text:ti_sysbios_family_arm_m3_Hwi_excFillContext__I)
                  00003ee0    00000106     event_pem4f.oem4f (.text:xdc_runtime_System_printfExtend__I)
                  00003fe6    000000fc     rtsv7M4_T_le_v4SPD16_eabi.lib : fd_mul_t2.asm.obj (.text)
                  000040e2    00000002                                   : div0.asm.obj (.text)
                  000040e4    000000fc     ti.targets.arm.rtsarm.aem4f : Startup.oem4f (.text:xdc_runtime_Startup_startMods__I)
                  000041e0    000000f0     sysbios.aem4f : m3_Hwi_asm.obj (.text:ti_sysbios_family_arm_m3_Hwi_dispatch__I)
                  000042d0    000000e8     ti.targets.arm.rtsarm.aem4f : Core-mem.oem4f (.text:xdc_runtime_Core_createObject__I)
                  000043b8    000000e8                                 : Error.oem4f (.text:xdc_runtime_Error_policyDefault__E)
                  000044a0    000000e4     msp432p4xx_driverlib.lib : cs.o (.text:CS_startHFXTWithTimeout)
                  00004584    000000e0                              : cs.o (.text:CS_startLFXTWithTimeout)
                  00004664    000000dc                              : cs.o (.text:_CSGetHFXTFrequency)
                  00004740    000000dc     rtsv7M4_T_le_v4SPD16_eabi.lib : setvbuf.c.obj (.text:setvbuf)
                  0000481c    000000cc     event.obj (.text:initHWI)
                  000048e8    000000cc     ti.targets.arm.rtsarm.aem4f : Core-smem.oem4f (.text:xdc_runtime_Core_constructObject__I)
                  000049b4    00000004     event_pem4f.oem4f (.text:ti_sysbios_family_arm_m3_TaskSupport_Module__startupDone__S)
                  000049b8    000000c8     sysbios.aem4f : BIOS.obj (.text:ti_sysbios_family_arm_msp432_init_Boot_setupCS)
                  00004a80    000000c4                   : BIOS.obj (.text:ti_sysbios_knl_Task_Instance_init__E)
                  00004b44    00000004     event_pem4f.oem4f (.text:ti_sysbios_hal_Hwi_HwiProxy_create)
                  00004b48    000000bc     sysbios.aem4f : BIOS.obj (.text:ti_sysbios_family_arm_m3_Hwi_excDebugMon__I)
                  00004c04    00000004     event_pem4f.oem4f (.text:ti_sysbios_hal_Hwi_HwiProxy_delete)
                  00004c08    000000bc     sysbios.aem4f : BIOS.obj (.text:ti_sysbios_family_arm_m3_Hwi_excHardFault__I)
                  00004cc4    00000004     event_pem4f.oem4f (.text:ti_sysbios_heaps_HeapMem_Module_GateProxy_enter__E)
                  00004cc8    000000b4     sysbios.aem4f : BIOS.obj (.text:ti_sysbios_knl_Task_Instance_finalize__E)
                  00004d7c    00000004     event_pem4f.oem4f (.text:ti_sysbios_heaps_HeapMem_Module_GateProxy_leave__E)
                  00004d80    000000b4     sysbios.aem4f : BIOS.obj (.text:ti_sysbios_knl_Task_checkStacks__E)
                  00004e34    000000b1     rtsv7M4_T_le_v4SPD16_eabi.lib : _printfi.c.obj (.text:_ltostr)
                  00004ee5    00000001     --HOLE-- [fill = 0]
                  00004ee6    00000002     event_pem4f.oem4f (.text:ti_sysbios_BIOS_nullFunc__I)
                  00004ee8    000000ac     sysbios.aem4f : BIOS.obj (.text:ti_sysbios_family_arm_m3_Hwi_Instance_init__E)
                  00004f94    00000004     event_pem4f.oem4f (.text:ti_sysbios_knl_Clock_TimerProxy_getMaxTicks__E)
                  00004f98    000000a8     sysbios.aem4f : BIOS.obj (.text:ti_sysbios_family_arm_msp432_Timer_periodicStub__E)
                  00005040    000000a2     ti.targets.arm.rtsarm.aem4f : Text.oem4f (.text:xdc_runtime_Text_putSite__E)
                  000050e2    00000002     --HOLE-- [fill = 0]
                  000050e4    000000a0     auto_init.aem4f : auto_init.oem4f (.text)
                  00005184    0000009c     drivers_msp432p401x.aem4f : PowerMSP432.oem4f (.text:Power_init)
                  00005220    0000009c     event.obj (.text:initTASK)
                  000052bc    0000009c     rtsv7M4_T_le_v4SPD16_eabi.lib : memcpy_t2.asm.obj (.text)
                  00005358    00000096                                   : ull_div_t2.asm.obj (.text)
                  000053ee    00000002     --HOLE-- [fill = 0]
                  000053f0    00000094     sysbios.aem4f : BIOS.obj (.text:ti_sysbios_family_arm_m3_Hwi_initNVIC__E)
                  00005484    0000008c     rtsv7M4_T_le_v4SPD16_eabi.lib : fputc.c.obj (.text:fputc)
                  00005510    0000008c     sysbios.aem4f : m3_TaskSupport_asm.obj (.text:ti_sysbios_family_arm_m3_TaskSupport_buildTaskStack)
                  0000559c    00000004     ti.targets.arm.rtsarm.aem4f : Error.oem4f (.text:xdc_runtime_Error_getSite__E)
                  000055a0    0000008c     sysbios.aem4f : BIOS.obj (.text:ti_sysbios_knl_Event_post__E)
                  0000562c    00000004     event_pem4f.oem4f (.text:xdc_runtime_System_Module_GateProxy_enter__E)
                  00005630    0000008c     sysbios.aem4f : BIOS.obj (.text:ti_sysbios_knl_Task_postInit__I)
                  000056bc    00000086     rtsv7M4_T_le_v4SPD16_eabi.lib : fd_cmp_t2.asm.obj (.text:__aeabi_cdcmple)
                  00005742    00000086                                   : fd_cmp_t2.asm.obj (.text:__aeabi_cdrcmple)
                  000057c8    00000084     msp432p4xx_driverlib.lib : pcm.o (.text:PCM_gotoLPM3)
                  0000584c    00000084     drivers_msp432p401x.aem4f : PowerMSP432.oem4f (.text:restartHFXT)
                  000058d0    00000084     sysbios.aem4f : BIOS.obj (.text:ti_sysbios_family_arm_m3_Hwi_postInit__I)
                  00005954    00000004     event_pem4f.oem4f (.text:xdc_runtime_System_Module_GateProxy_leave__E)
                  00005958    00000084     sysbios.aem4f : BIOS.obj (.text:ti_sysbios_heaps_HeapMem_free__E)
                  000059dc    00000004     ti.targets.arm.rtsarm.aem4f : System.oem4f (.text:xdc_runtime_System_aprintf_va__F)
                  000059e0    00000080     sysbios.aem4f : BIOS.obj (.text:ti_sysbios_knl_Clock_workFunc__E)
                  00005a60    0000007c                   : BIOS.obj (.text:ti_sysbios_knl_Semaphore_post__E)
                  00005adc    0000007a     rtsv7M4_T_le_v4SPD16_eabi.lib : memset_t2.asm.obj (.text)
                  00005b56    00000002     --HOLE-- [fill = 0]
                  00005b58    0000007a     sysbios.aem4f : BIOS.obj (.text:ti_sysbios_heaps_HeapMem_allocUnprotected__E)
                  00005bd2    00000004     ti.targets.arm.rtsarm.aem4f : System.oem4f (.text:xdc_runtime_System_printf_va__F)
                  00005bd6    00000002     --HOLE-- [fill = 0]
                  00005bd8    00000078     sysbios.aem4f : BIOS.obj (.text:ti_sysbios_heaps_HeapMem_initPrimary__I)
                  00005c50    00000074     rtsv7M4_T_le_v4SPD16_eabi.lib : fclose.c.obj (.text:__TI_closefile)
                  00005cc4    00000074     ti.targets.arm.rtsarm.aem4f : Error.oem4f (.text:xdc_runtime_Error_print__E)
                  00005d38    00000074                                 : Text.oem4f (.text:xdc_runtime_Text_putMod__E)
                  00005dac    00000004     --HOLE-- [fill = 0]
                  00005db0    00000070     sysbios.aem4f : BIOS.obj (.text:ti_sysbios_knl_Semaphore_Instance_init__E)
                  00005e20    00000070                   : BIOS.obj (.text:ti_sysbios_knl_Task_exit__E)
                  00005e90    00000070     ti.targets.arm.rtsarm.aem4f : Memory.oem4f (.text:xdc_runtime_Memory_alloc__E)
                  00005f00    0000006e     rtsv7M4_T_le_v4SPD16_eabi.lib : _printfi.c.obj (.text:_mcpy)
                  00005f6e    00000002     --HOLE-- [fill = 0]
                  00005f70    0000006d     ti.targets.arm.rtsarm.aem4f : System.oem4f (.text:xdc_runtime_System_formatNum__I)
                  00005fdd    00000003     --HOLE-- [fill = 0]
                  00005fe0    0000006c     rtsv7M4_T_le_v4SPD16_eabi.lib : hostrename.c.obj (.text:HOSTrename)
                  0000604c    00000004     --HOLE-- [fill = 0]
                  00006050    0000006c     sysbios.aem4f : BIOS.obj (.text:ti_sysbios_knl_Swi_restoreHwi__E)
                  000060bc    00000068     rtsv7M4_T_le_v4SPD16_eabi.lib : hostlseek.c.obj (.text:HOSTlseek)
                  00006124    00000068                                   : copy_decompress_lzss.c.obj (.text:decompress:lzss:__TI_decompress_lzss)
                  0000618c    00000068     event.obj (.text:initSWI)
                  000061f4    00000068     rtsv7M4_T_le_v4SPD16_eabi.lib : printf.c.obj (.text:printf)
                  0000625c    00000066     ti.targets.arm.rtsarm.aem4f : Core-mem.oem4f (.text:xdc_runtime_Core_deleteObject__I)
                  000062c2    00000002     --HOLE-- [fill = 0]
                  000062c4    00000064     rtsv7M4_T_le_v4SPD16_eabi.lib : s_frexp.c.obj (.text:frexp)
                  00006328    00000064                                   : fseek.c.obj (.text:fseek)
                  0000638c    00000064     event.obj (.text:initClk)
                  000063f0    00000064     event.obj (.text:swiFxn)
                  00006454    00000004     --HOLE-- [fill = 0]
                  00006458    00000064     sysbios.aem4f : BIOS.obj (.text:ti_sysbios_family_arm_m3_Hwi_dispatchC__I)
                  000064bc    00000062     rtsv7M4_T_le_v4SPD16_eabi.lib : _io_perm.c.obj (.text:__TI_wrt_ok)
                  0000651e    00000002     --HOLE-- [fill = 0]
                  00006520    00000060                                   : hostopen.c.obj (.text:HOSTopen)
                  00006580    00000060     sysbios.aem4f : BIOS.obj (.text:ti_sysbios_knl_Task_schedule__I)
                  000065e0    0000005f     ti.targets.arm.rtsarm.aem4f : Text.oem4f (.text:xdc_runtime_Text_putLab__E)
                  0000663f    00000001     --HOLE-- [fill = 0]
                  00006640    0000005e     msp432p4xx_driverlib.lib : pcm.o (.text:PCM_getCoreVoltageLevel)
                  0000669e    00000002     --HOLE-- [fill = 0]
                  000066a0    0000005c     rtsv7M4_T_le_v4SPD16_eabi.lib : close.c.obj (.text:close)
                  000066fc    00000004     --HOLE-- [fill = 0]
                  00006700    0000005c     sysbios.aem4f : BIOS.obj (.text:ti_sysbios_knl_Swi_run__I)
                  0000675c    00000004     --HOLE-- [fill = 0]
                  00006760    0000005c                   : BIOS.obj (.text:ti_sysbios_knl_Swi_schedule__I)
                  000067bc    00000004     --HOLE-- [fill = 0]
                  000067c0    0000005c                   : BIOS.obj (.text:ti_sysbios_knl_Task_Module_startup__E)
                  0000681c    00000004     --HOLE-- [fill = 0]
                  00006820    0000005c                   : BIOS.obj (.text:ti_sysbios_knl_Task_startCore__E)
                  0000687c    0000005a     msp432p4xx_driverlib.lib : pcm.o (.text:PCM_getPowerMode)
                  000068d6    00000002     --HOLE-- [fill = 0]
                  000068d8    00000058     rtsv7M4_T_le_v4SPD16_eabi.lib : hostread.c.obj (.text:HOSTread)
                  00006930    00000058                                   : hostwrite.c.obj (.text:HOSTwrite)
                  00006988    00000058     boot.aem4f : boot.oem4f (.text)
                  000069e0    00000058     sysbios.aem4f : m3_Hwi_asm_switch.obj (.text:ti_sysbios_family_arm_m3_Hwi_initStacks__E)
                  00006a38    00000058                   : BIOS.obj (.text:ti_sysbios_heaps_HeapMem_alloc__E)
                  00006a90    00000056     rtsv7M4_T_le_v4SPD16_eabi.lib : _printfi.c.obj (.text:_pconv_f)
                  00006ae6    00000002     --HOLE-- [fill = 0]
                  00006ae8    00000054     msp432p4xx_driverlib.lib : pcm.o (.text:PCM_shutdownDevice)
                  00006b3c    00000054     rtsv7M4_T_le_v4SPD16_eabi.lib : ltoa.c.obj (.text:ltoa)
                  00006b90    00000054     event_pem4f.oem4f (.text:ti_sysbios_family_arm_m3_Hwi_create)
                  00006be4    00000004     --HOLE-- [fill = 0]
                  00006be8    00000054     sysbios.aem4f : BIOS.obj (.text:ti_sysbios_family_arm_msp432_Timer_initDevice__I)
                  00006c3c    00000054     event_pem4f.oem4f (.text:ti_sysbios_hal_Hwi_create)
                  00006c90    00000052     rtsv7M4_T_le_v4SPD16_eabi.lib : _printfi.c.obj (.text:_ecpy)
                  00006ce2    00000006     --HOLE-- [fill = 0]
                  00006ce8    00000050     sysbios.aem4f : BIOS.obj (.text:ti_sysbios_family_arm_m3_Hwi_Module_startup__E)
                  00006d38    00000050     event_pem4f.oem4f (.text:ti_sysbios_knl_Swi_create)
                  00006d88    00000050     event_pem4f.oem4f (.text:ti_sysbios_knl_Task_create)
                  00006dd8    00000050     ti.targets.arm.rtsarm.aem4f : Startup.oem4f (.text:xdc_runtime_Startup_exec__E)
                  00006e28    00000050                                 : Text.oem4f (.text:xdc_runtime_Text_visitRope2__I)
                  00006e78    0000004c     dpl_msp432p401x.aem4f : PowerMSP432_tirtos.oem4f (.text:PowerMSP432_sleepPolicy)
                  00006ec4    0000004c     rtsv7M4_T_le_v4SPD16_eabi.lib : fflush.c.obj (.text:__TI_doflush)
                  00006f10    0000004c                                   : atoi.c.obj (.text:atoi)
                  00006f5c    0000004c                                   : cpy_tbl.c.obj (.text:copy_in)
                  00006fa8    0000004c     sysbios.aem4f : BIOS.obj (.text:ti_sysbios_family_arm_msp432_Timer_start__E)
                  00006ff4    00000004     --HOLE-- [fill = 0]
                  00006ff8    0000004c                   : BIOS.obj (.text:ti_sysbios_heaps_HeapMem_getStats__E)
                  00007044    00000004     --HOLE-- [fill = 0]
                  00007048    0000004c                   : BIOS.obj (.text:ti_sysbios_knl_Swi_runLoop__I)
                  00007094    00000004     --HOLE-- [fill = 0]
                  00007098    0000004c                   : BIOS.obj (.text:ti_sysbios_knl_Task_allBlockedFunction__I)
                  000070e4    0000004c     ti.targets.arm.rtsarm.aem4f : Assert.oem4f (.text:xdc_runtime_Assert_raise__I)
                  00007130    00000048     rtsv7M4_T_le_v4SPD16_eabi.lib : exit.c.obj (.text:exit)
                  00007178    00000048     event.obj (.text:lcdUpdate)
                  000071c0    00000048     rtsv7M4_T_le_v4SPD16_eabi.lib : fd_toi_t2.asm.obj (.text)
                  00007208    00000048     sysbios.aem4f : BIOS.obj (.text:ti_sysbios_family_arm_m3_Hwi_disableInterrupt__E)
                  00007250    00000048                   : BIOS.obj (.text:ti_sysbios_family_arm_m3_Hwi_enableInterrupt__E)
                  00007298    00000048                   : BIOS.obj (.text:ti_sysbios_family_arm_m3_Hwi_excReserved__I)
                  000072e0    00000048                   : BIOS.obj (.text:ti_sysbios_knl_Mailbox_Module_startup__E)
                  00007328    00000048                   : BIOS.obj (.text:ti_sysbios_knl_Swi_Instance_init__E)
                  00007370    00000048     ti.targets.arm.rtsarm.aem4f : Core-params.oem4f (.text:xdc_runtime_Core_assignParams__I)
                  000073b8    00000044     rtsv7M4_T_le_v4SPD16_eabi.lib : hostclose.c.obj (.text:HOSTclose)
                  000073fc    00000044                                   : hostunlink.c.obj (.text:HOSTunlink)
                  00007440    00000044                                   : getdevice.c.obj (.text:getdevice)
                  00007484    00000004     --HOLE-- [fill = 0]
                  00007488    00000044     sysbios.aem4f : BIOS.obj (.text:ti_sysbios_family_arm_m3_Hwi_getStackInfo__E)
                  000074cc    00000004     --HOLE-- [fill = 0]
                  000074d0    00000044                   : BIOS.obj (.text:ti_sysbios_knl_Swi_post__E)
                  00007514    00000044     ti.targets.arm.rtsarm.aem4f : Error.oem4f (.text:xdc_runtime_Error_setX__E)
                  00007558    00000044                                 : SysMin.oem4f (.text:xdc_runtime_SysMin_flush__E)
                  0000759c    00000044                                 : Text.oem4f (.text:xdc_runtime_Text_xprintf__I)
                  000075e0    00000040     dpl_msp432p401x.aem4f : HwiP_tirtos.oem4f (.text:HwiP_create)
                  00007620    00000040     rtsv7M4_T_le_v4SPD16_eabi.lib : u_divt2.asm.obj (.text)
                  00007660    00000040     sysbios.aem4f : BIOS.obj (.text:ti_sysbios_family_arm_msp432_Timer_Module_startup__E)
                  000076a0    00000040                   : BIOS.obj (.text:ti_sysbios_family_arm_msp432_Timer_startup__E)
                  000076e0    00000040                   : BIOS.obj (.text:ti_sysbios_heaps_HeapMem_Instance_init__E)
                  00007720    0000003e     rtsv7M4_T_le_v4SPD16_eabi.lib : _printfi.c.obj (.text:_fcpy)
                  0000775e    00000002     --HOLE-- [fill = 0]
                  00007760    0000003c     sysbios.aem4f : BIOS.obj (.text:ti_sysbios_family_arm_m3_Hwi_Instance_finalize__E)
                  0000779c    00000004     --HOLE-- [fill = 0]
                  000077a0    0000003c                   : BIOS.obj (.text:ti_sysbios_family_arm_m3_Hwi_excSvCall__I)
                  000077dc    00000004     --HOLE-- [fill = 0]
                  000077e0    0000003c                   : BIOS.obj (.text:ti_sysbios_knl_Clock_Instance_init__E)
                  0000781c    0000003c     event_pem4f.oem4f (.text:ti_sysbios_knl_Clock_create)
                  00007858    0000003c     sysbios.aem4f : BIOS.obj (.text:ti_sysbios_knl_Swi_restore__E)
                  00007894    00000038     rtsv7M4_T_le_v4SPD16_eabi.lib : trgmsg.c.obj (.text:__TI_writemsg)
                  000078cc    00000038     drivers_msp432p401x.aem4f : PowerMSP432.oem4f (.text:notify)
                  00007904    00000038     rtsv7M4_T_le_v4SPD16_eabi.lib : fs_tod_t2.asm.obj (.text)
                  0000793c    00000004     --HOLE-- [fill = 0]
                  00007940    00000038     sysbios.aem4f : BIOS.obj (.text:ti_sysbios_family_arm_m3_Hwi_excNoIsr__I)
                  00007978    00000038                   : BIOS.obj (.text:ti_sysbios_knl_Task_processVitalTaskFlag__I)
                  000079b0    00000038     ti.targets.arm.rtsarm.aem4f : System.oem4f (.text:xdc_runtime_System_atexit__E)
                  000079e8    00000036     rtsv7M4_T_le_v4SPD16_eabi.lib : strncpy.c.obj (.text:strncpy)
                  00007a1e    00000002     --HOLE-- [fill = 0]
                  00007a20    00000034                                   : fopen.c.obj (.text:__TI_cleanup)
                  00007a54    00000034                                   : trgmsg.c.obj (.text:__TI_readmsg)
                  00007a88    00000034     event.obj (.text:handleStuff)
                  00007abc    00000004     --HOLE-- [fill = 0]
                  00007ac0    00000034     sysbios.aem4f : BIOS.obj (.text:ti_sysbios_family_arm_m3_Hwi_excNmi__I)
                  00007af4    00000004     --HOLE-- [fill = 0]
                  00007af8    00000034                   : BIOS.obj (.text:ti_sysbios_family_arm_msp432_init_Boot_configureClocksHigh)
                  00007b2c    00000004     --HOLE-- [fill = 0]
                  00007b30    00000034                   : BIOS.obj (.text:ti_sysbios_hal_Hwi_checkStack)
                  00007b64    00000034     ti.targets.arm.rtsarm.aem4f : SysMin.oem4f (.text:xdc_runtime_SysMin_abort__E)
                  00007b98    00000034                                 : SysMin.oem4f (.text:xdc_runtime_SysMin_putch__E)
                  00007bcc    00000004     --HOLE-- [fill = 0]
                  00007bd0    00000032     sysbios.aem4f : BIOS.obj (.text:ti_sysbios_hal_Hwi_initStack)
                  00007c02    00000002     --HOLE-- [fill = 0]
                  00007c04    00000030     rtsv7M4_T_le_v4SPD16_eabi.lib : getdevice.c.obj (.text:finddevice)
                  00007c34    00000030     event_pem4f.oem4f (.text:ti_sysbios_BIOS_atExitFunc__I)
                  00007c64    00000030     event_pem4f.oem4f (.text:ti_sysbios_BIOS_startFunc__I)
                  00007c94    00000004     --HOLE-- [fill = 0]
                  00007c98    00000030     sysbios.aem4f : BIOS.obj (.text:ti_sysbios_family_arm_m3_TaskSupport_start__E)
                  00007cc8    00000030                   : BIOS.obj (.text:ti_sysbios_family_arm_msp432_Timer_setPeriod__E)
                  00007cf8    00000030     event_pem4f.oem4f (.text:ti_sysbios_gates_GateHwi_Object__create__S)
                  00007d28    00000030     event_pem4f.oem4f (.text:ti_sysbios_gates_GateMutex_Object__create__S)
                  00007d58    00000030     sysbios.aem4f : BIOS.obj (.text:ti_sysbios_gates_GateMutex_enter__E)
                  00007d88    00000030     event_pem4f.oem4f (.text:ti_sysbios_heaps_HeapMem_Object__create__S)
                  00007db8    00000030     event_pem4f.oem4f (.text:ti_sysbios_knl_Event_create)
                  00007de8    00000030     sysbios.aem4f : BIOS.obj (.text:ti_sysbios_knl_Event_pendTimeout__I)
                  00007e18    00000030                   : BIOS.obj (.text:ti_sysbios_knl_Mailbox_postInit__I)
                  00007e48    00000030     event_pem4f.oem4f (.text:ti_sysbios_knl_Semaphore_construct)
                  00007e78    00000030     sysbios.aem4f : BIOS.obj (.text:ti_sysbios_knl_Semaphore_pendTimeout__I)
                  00007ea8    00000030                   : BIOS.obj (.text:ti_sysbios_knl_Task_restore__E)
                  00007ed8    00000030                   : BIOS.obj (.text:ti_sysbios_knl_Task_unblockI__E)
                  00007f08    00000030     event.obj (.text:updateLCD)
                  00007f38    00000030     event_pem4f.oem4f (.text:xdc_runtime_Error_policyLog__I)
                  00007f68    00000030     ti.targets.arm.rtsarm.aem4f : System.oem4f (.text:xdc_runtime_System_processAtExit__E)
                  00007f98    0000002f                                 : Text.oem4f (.text:xdc_runtime_Text_printVisFxn__I)
                  00007fc7    00000001     --HOLE-- [fill = 0]
                  00007fc8    0000002e     rtsv7M4_T_le_v4SPD16_eabi.lib : i_tofd_t2.asm.obj (.text)
                  00007ff6    0000002e     event_pem4f.oem4f (.text:ti_sysbios_rts_MemAlloc_alloc)
                  00008024    0000002c     dpl_msp432p401x.aem4f : PowerMSP432_tirtos.oem4f (.text:PowerMSP432_updateFreqs)
                  00008050    0000002c     msp432p4xx_driverlib.lib : rtc_c.o (.text:RTC_C_holdClock)
                  0000807c    0000002c     event_pem4f.oem4f (.text:ti_sysbios_family_arm_m3_Hwi_Handle__label__S)
                  000080a8    0000002c     event_pem4f.oem4f (.text:ti_sysbios_gates_GateHwi_Handle__label__S)
                  000080d4    0000002c     event_pem4f.oem4f (.text:ti_sysbios_gates_GateMutex_Handle__label__S)
                  00008100    0000002c     event_pem4f.oem4f (.text:ti_sysbios_heaps_HeapMem_Handle__label__S)
                  0000812c    0000002c     event_pem4f.oem4f (.text:ti_sysbios_knl_Clock_doTick__I)
                  00008158    0000002c     event_pem4f.oem4f (.text:ti_sysbios_knl_Queue_construct)
                  00008184    0000002c     event_pem4f.oem4f (.text:ti_sysbios_knl_Swi_Handle__label__S)
                  000081b0    0000002c     event_pem4f.oem4f (.text:ti_sysbios_knl_Task_Handle__label__S)
                  000081dc    0000002c     rtsv7M4_T_le_v4SPD16_eabi.lib : unlink.c.obj (.text:unlink)
                  00008208    0000002c     ti.targets.arm.rtsarm.aem4f : System.oem4f (.text:xdc_runtime_System_putchar__I)
                  00008234    00000028     msp432p4xx_driverlib.lib : pcm.o (.text:PCM_gotoLPM0)
                  0000825c    00000028     drivers_msp432p401x.aem4f : PowerMSP432.oem4f (.text:disableFaultCounter)
                  00008284    00000028                               : PowerMSP432.oem4f (.text:disableHFXT)
                  000082ac    00000028     event.obj (.text:hwiFxn)
                  000082d4    00000028     rtsv7M4_T_le_v4SPD16_eabi.lib : lseek.c.obj (.text:lseek)
                  000082fc    00000028     sysbios.aem4f : m3_Hwi_asm.obj (.text:ti_sysbios_family_arm_m3_Hwi_excHandlerAsm__I)
                  00008324    00000004     --HOLE-- [fill = 0]
                  00008328    00000028                   : BIOS.obj (.text:ti_sysbios_knl_Clock_addI__E)
                  00008350    00000028                   : BIOS.obj (.text:ti_sysbios_knl_Semaphore_Instance_finalize__E)
                  00008378    00000028                   : BIOS.obj (.text:ti_sysbios_knl_Swi_Module_startup__E)
                  000083a0    00000028     rtsv7M4_T_le_v4SPD16_eabi.lib : write.c.obj (.text:write)
                  000083c8    00000028     ti.targets.arm.rtsarm.aem4f : System.oem4f (.text:xdc_runtime_System_avprintf__E)
                  000083f0    00000026     sysbios.aem4f : m3_Hwi_asm.obj (.text:ti_sysbios_family_arm_m3_Hwi_pendSV__I)
                  00008416    00000026     ti.targets.arm.rtsarm.aem4f : System.oem4f (.text:xdc_runtime_System_vprintf__E)
                  0000843c    00000024     msp432p4xx_driverlib.lib : wdt_a.o (.text:WDT_A_holdTimer)
                  00008460    00000024     event_pem4f.oem4f (.text:ti_sysbios_BIOS_errorRaiseHook__I)
                  00008484    00000024     event_pem4f.oem4f (.text:ti_sysbios_BIOS_registerRTSLock__I)
                  000084a8    00000024     event_pem4f.oem4f (.text:ti_sysbios_BIOS_removeRTSLock__I)
                  000084cc    00000004     --HOLE-- [fill = 0]
                  000084d0    00000024     sysbios.aem4f : BIOS.obj (.text:ti_sysbios_family_arm_msp432_ClockFreqs_setFrequency__E)
                  000084f4    00000004     --HOLE-- [fill = 0]
                  000084f8    00000024                   : BIOS.obj (.text:ti_sysbios_family_arm_msp432_Timer_postInit__I)
                  0000851c    00000024     event_pem4f.oem4f (.text:ti_sysbios_gates_GateMutex_Object__delete__S)
                  00008540    00000024     sysbios.aem4f : BIOS.obj (.text:ti_sysbios_knl_Clock_Module_startup__E)
                  00008564    00000004     --HOLE-- [fill = 0]
                  00008568    00000024                   : BIOS.obj (.text:ti_sysbios_knl_Clock_start__E)
                  0000858c    00000004     --HOLE-- [fill = 0]
                  00008590    00000024                   : BIOS.obj (.text:ti_sysbios_knl_Task_restoreHwi__E)
                  000085b4    00000022     event.obj (.text:main)
                  000085d6    00000022     event_pem4f.oem4f (.text:xdc_runtime_SysMin_output__I)
                  000085f8    00000020     msp432p4xx_driverlib.lib : cs.o (.text:CS_setExternalClockSourceFrequency)
                  00008618    00000020     rtsv7M4_T_le_v4SPD16_eabi.lib : memchr.c.obj (.text:memchr)
                  00008638    00000020                                   : u_tofd_t2.asm.obj (.text)
                  00008658    00000020     event_pem4f.oem4f (.text:ti_sysbios_BIOS_rtsLock__I)
                  00008678    00000020     event_pem4f.oem4f (.text:ti_sysbios_family_arm_m3_Hwi_Object__delete__S)
                  00008698    00000020     event_pem4f.oem4f (.text:ti_sysbios_gates_GateHwi_Object__delete__S)
                  000086b8    00000020     sysbios.aem4f : BIOS.obj (.text:ti_sysbios_hal_Hwi_Instance_init__E)
                  000086d8    00000020     event_pem4f.oem4f (.text:ti_sysbios_heaps_HeapMem_Object__delete__S)
                  000086f8    00000020     sysbios.aem4f : BIOS.obj (.text:ti_sysbios_knl_Idle_run__E)
                  00008718    00000020     event_pem4f.oem4f (.text:ti_sysbios_knl_Semaphore_destruct)
                  00008738    00000020     ti.targets.arm.rtsarm.aem4f : SysMin.oem4f (.text:xdc_runtime_SysMin_Module_startup__E)
                  00008758    0000001e     sysbios.aem4f : m3_Hwi_asm_switch.obj (.text:ti_sysbios_family_xxx_Hwi_switchAndRunFunc)
                  00008776    0000001c     rtsv7M4_T_le_v4SPD16_eabi.lib : memccpy.c.obj (.text:memccpy)
                  00008792    00000006     --HOLE-- [fill = 0]
                  00008798    0000001c     sysbios.aem4f : BIOS.obj (.text:ti_sysbios_family_arm_m3_Hwi_excHandler__I)
                  000087b4    00000004     --HOLE-- [fill = 0]
                  000087b8    0000001c                   : BIOS.obj (.text:ti_sysbios_gates_GateMutex_Instance_init__E)
                  000087d4    0000001c     event_pem4f.oem4f (.text:ti_sysbios_knl_Queue_destruct)
                  000087f0    0000001c     sysbios.aem4f : BIOS.obj (.text:ti_sysbios_knl_Queue_put__E)
                  0000880c    00000004     --HOLE-- [fill = 0]
                  00008810    0000001c                   : BIOS.obj (.text:ti_sysbios_knl_Task_enter__I)
                  0000882c    0000001c     ti.targets.arm.rtsarm.aem4f : Error.oem4f (.text:xdc_runtime_Error_check__E)
                  00008848    0000001c                                 : Error.oem4f (.text:xdc_runtime_Error_raiseX__E)
                  00008864    0000001c                                 : Memory.oem4f (.text:xdc_runtime_Memory_valloc__E)
                  00008880    0000001c                                 : Registry.oem4f (.text:xdc_runtime_Registry_findById__E)
                  0000889c    0000001c                                 : SysMin.oem4f (.text:xdc_runtime_SysMin_exit__E)
                  000088b8    0000001c                                 : System.oem4f (.text:xdc_runtime_System_abort__E)
                  000088d4    0000001c                                 : Text.oem4f (.text:xdc_runtime_Text_ropeText__E)
                  000088f0    0000001a     rtsv7M4_T_le_v4SPD16_eabi.lib : s_copysign.c.obj (.text:copysign)
                  0000890a    0000001a     event_pem4f.oem4f (.text:free)
                  00008924    0000001a     event_pem4f.oem4f (.text:xdc_runtime_System_aprintf__E)
                  0000893e    0000001a     event_pem4f.oem4f (.text:xdc_runtime_System_printf__E)
                  00008958    00000018     event_pem4f.oem4f (.text:.bootCodeSection:ti_sysbios_family_arm_msp432_init_Boot_init__I)
                  00008970    00000018     msp432p4xx_driverlib.lib : sysctl_a.o (.text:SysCtl_A_disableNMISource)
                  00008988    00000018                              : sysctl_a.o (.text:SysCtl_A_enableNMISource)
                  000089a0    00000018     rtsv7M4_T_le_v4SPD16_eabi.lib : args_main.c.obj (.text:_args_main)
                  000089b8    00000018     event.obj (.text:clk0Fxn)
                  000089d0    00000018     rtsv7M4_T_le_v4SPD16_eabi.lib : strcmp.c.obj (.text:strcmp)
                  000089e8    00000018     event_pem4f.oem4f (.text:ti_sysbios_BIOS_rtsUnlock__I)
                  00008a00    00000018     event_pem4f.oem4f (.text:ti_sysbios_family_arm_m3_Hwi_Module__startupDone__F)
                  00008a18    00000018     sysbios.aem4f : m3_TaskSupport_asm.obj (.text:ti_sysbios_family_arm_m3_TaskSupport_swap__E)
                  00008a30    00000018     event_pem4f.oem4f (.text:ti_sysbios_family_arm_msp432_Timer_Module__startupDone__F)
                  00008a48    00000018     sysbios.aem4f : BIOS.obj (.text:ti_sysbios_gates_GateMutex_leave__E)
                  00008a60    00000018     ti.targets.arm.rtsarm.aem4f : Error.oem4f (.text:xdc_runtime_Error_init__E)
                  00008a78    00000018                                 : System.oem4f (.text:xdc_runtime_System_exit__E)
                  00008a90    00000016     rtsv7M4_T_le_v4SPD16_eabi.lib : strchr.c.obj (.text:strchr)
                  00008aa6    00000016     event_pem4f.oem4f (.text:ti_sysbios_BIOS_exitFunc__I)
                  00008abc    00000016     event.obj (.text:ti_sysbios_hal_Hwi_Params_init)
                  00008ad2    00000016     event.obj (.text:ti_sysbios_knl_Clock_Params_init)
                  00008ae8    00000016     event.obj (.text:ti_sysbios_knl_Swi_Params_init)
                  00008afe    00000016     event.obj (.text:ti_sysbios_knl_Task_Params_init)
                  00008b14    00000004     --HOLE-- [fill = 0]
                  00008b18    00000016     sysbios.aem4f : BIOS.obj (.text:ti_sysbios_knl_Task_unblock__E)
                  00008b2e    00000002     --HOLE-- [fill = 0]
                  00008b30    00000014     msp432p4xx_driverlib.lib : pcm.o (.text:PCM_getPowerState)
                  00008b44    00000014     drivers_msp432p401x.aem4f : PowerMSP432.oem4f (.text:Power_idleFunc)
                  00008b58    00000014     rtsv7M4_T_le_v4SPD16_eabi.lib : strcpy.c.obj (.text:strcpy)
                  00008b6c    00000014                                   : strlen.c.obj (.text:strlen)
                  00008b80    00000014     event_pem4f.oem4f (.text:ti_sysbios_family_arm_m3_Hwi_Object__get__S)
                  00008b94    00000004     --HOLE-- [fill = 0]
                  00008b98    00000014     sysbios.aem4f : BIOS.obj (.text:ti_sysbios_family_arm_m3_Hwi_switchFromBootStack__E)
                  00008bac    00000014     event_pem4f.oem4f (.text:ti_sysbios_heaps_HeapMem_Object__get__S)
                  00008bc0    00000014     sysbios.aem4f : BIOS.obj (.text:ti_sysbios_knl_Event_Instance_init__E)
                  00008bd4    00000014     event_pem4f.oem4f (.text:ti_sysbios_knl_Swi_Object__get__S)
                  00008be8    00000012     event.obj (.text:initLCD)
                  00008bfa    00000006     --HOLE-- [fill = 0]
                  00008c00    00000012     sysbios.aem4f : BIOS.obj (.text:ti_sysbios_hal_Hwi_Module_startup__E)
                  00008c12    00000006     --HOLE-- [fill = 0]
                  00008c18    00000012                   : BIOS.obj (.text:ti_sysbios_knl_Event_sync__E)
                  00008c2a    00000012     rtsv7M4_T_le_v4SPD16_eabi.lib : wcslen.c.obj (.text:wcslen)
                  00008c3c    00000012     event_pem4f.oem4f (.text:xdc_runtime_Startup_exec__I)
                  00008c4e    00000010     dpl_msp432p401x.aem4f : HwiP_tirtos.oem4f (.text:HwiP_Params_init)
                  00008c5e    00000010     msp432p4xx_driverlib.lib : pcm.o (.text:PCM_gotoLPM4)
                  00008c6e    00000010                              : pcm.o (.text:PCM_setPowerMode)
                  00008c7e    00000010                              : pcm.o (.text:PCM_setPowerState)
                  00008c8e    00000002     --HOLE-- [fill = 0]
                  00008c90    00000010                              : sysctl_a.o (.text:SysCtl_A_getNMISourceStatus)
                  00008ca0    00000010                              : sysctl.o (.text:SysCtl_getNMISourceStatus)
                  00008cb0    00000010     sysbios.aem4f : BIOS.obj (.text:ti_sysbios_BIOS_setCpuFreq__E)
                  00008cc0    00000010                   : BIOS.obj (.text:ti_sysbios_BIOS_setThreadType__E)
                  00008cd0    00000010                   : BIOS.obj (.text:ti_sysbios_BIOS_start__E)
                  00008ce0    00000010                   : m3_TaskSupport_asm.obj (.text:ti_sysbios_family_arm_m3_TaskSupport_glue)
                  00008cf0    00000010                   : BIOS.obj (.text:ti_sysbios_family_arm_msp432_init_Boot_disableWatchdog)
                  00008d00    00000010                   : BIOS.obj (.text:ti_sysbios_gates_GateMutex_Instance_finalize__E)
                  00008d10    00000010     event_pem4f.oem4f (.text:ti_sysbios_knl_Mailbox_Object__get__S)
                  00008d20    00000010     sysbios.aem4f : BIOS.obj (.text:ti_sysbios_knl_Swi_disable__E)
                  00008d30    00000010     event_pem4f.oem4f (.text:ti_sysbios_knl_Task_Object__get__S)
                  00008d40    00000010     sysbios.aem4f : BIOS.obj (.text:ti_sysbios_knl_Task_disable__E)
                  00008d50    00000010     ti.targets.arm.rtsarm.aem4f : Gate.oem4f (.text:xdc_runtime_Gate_leaveSystem__E)
                  00008d60    00000010                                 : Memory.oem4f (.text:xdc_runtime_Memory_free__E)
                  00008d70    00000010                                 : SysMin.oem4f (.text:xdc_runtime_SysMin_ready__E)
                  00008d80    00000010                                 : System.oem4f (.text:xdc_runtime_System_vsnprintf__E)
                  00008d90    00000010     event_pem4f.oem4f (.text:xdc_runtime_Text_visitRope__I)
                  00008da0    0000000e     rtsv7M4_T_le_v4SPD16_eabi.lib : copy_decompress_none.c.obj (.text:decompress:none:__TI_decompress_none)
                  00008dae    00000002     --HOLE-- [fill = 0]
                  00008db0    0000000e     sysbios.aem4f : BIOS.obj (.text:ti_sysbios_knl_Clock_removeI__E)
                  00008dbe    00000002     --HOLE-- [fill = 0]
                  00008dc0    0000000e                   : BIOS.obj (.text:ti_sysbios_knl_Idle_loop__E)
                  00008dce    00000002     --HOLE-- [fill = 0]
                  00008dd0    0000000e                   : BIOS.obj (.text:ti_sysbios_knl_Queue_empty__E)
                  00008dde    0000000c     ti_drivers_config.obj (.text:Board_init)
                  00008dea    0000000c     msp432p4xx_driverlib.lib : cpu.o (.text:CPU_cpsid)
                  00008df6    0000000c                              : cpu.o (.text:CPU_cpsie)
                  00008e02    00000002     --HOLE-- [fill = 0]
                  00008e04    0000000c     drivers_msp432p401x.aem4f : PowerMSP432.oem4f (.text:Power_getConstraintMask)
                  00008e10    0000000c     rtsv7M4_T_le_v4SPD16_eabi.lib : _lock.c.obj (.text:_register_lock)
                  00008e1c    0000000c                                   : _lock.c.obj (.text:_register_unlock)
                  00008e28    0000000c                                   : copy_zero_init.c.obj (.text:decompress:ZI:__TI_zero_init)
                  00008e34    0000000c     event_pem4f.oem4f (.text:ti_sysbios_family_arm_m3_Hwi_Params__init__S)
                  00008e40    0000000c     sysbios.aem4f : BIOS.obj (.text:ti_sysbios_family_arm_m3_Hwi_enableFxn__E)
                  00008e4c    00000004     --HOLE-- [fill = 0]
                  00008e50    0000000c                   : BIOS.obj (.text:ti_sysbios_family_arm_m3_TaskSupport_checkStack__E)
                  00008e5c    00000004     --HOLE-- [fill = 0]
                  00008e60    0000000c                   : BIOS.obj (.text:ti_sysbios_family_arm_m3_TaskSupport_getStackAlignment__E)
                  00008e6c    00000004     --HOLE-- [fill = 0]
                  00008e70    0000000c                   : BIOS.obj (.text:ti_sysbios_family_arm_msp432_Timer_getMaxTicks__E)
                  00008e7c    00000004     --HOLE-- [fill = 0]
                  00008e80    0000000c                   : BIOS.obj (.text:ti_sysbios_gates_GateHwi_enter__E)
                  00008e8c    0000000c     event_pem4f.oem4f (.text:ti_sysbios_hal_Hwi_Params__init__S)
                  00008e98    0000000c     event_pem4f.oem4f (.text:ti_sysbios_knl_Clock_Params__init__S)
                  00008ea4    0000000c     event_pem4f.oem4f (.text:ti_sysbios_knl_Queue_Object__get__S)
                  00008eb0    0000000c     event_pem4f.oem4f (.text:ti_sysbios_knl_Swi_Params__init__S)
                  00008ebc    0000000c     event_pem4f.oem4f (.text:ti_sysbios_knl_Task_Params__init__S)
                  00008ec8    0000000c     ti.targets.arm.rtsarm.aem4f : Gate.oem4f (.text:xdc_runtime_Gate_enterSystem__E)
                  00008ed4    0000000c                                 : Memory.oem4f (.text:xdc_runtime_Memory_calloc__E)
                  00008ee0    0000000c                                 : Memory.oem4f (.text:xdc_runtime_Memory_getMaxDefaultTypeAlign__E)
                  00008eec    0000000c                                 : Startup.oem4f (.text:xdc_runtime_Startup_rtsDone__E)
                  00008ef8    0000000a     sysbios.aem4f : BIOS.obj (.text:ti_sysbios_hal_Hwi_Instance_finalize__E)
                  00008f02    0000000a     event_pem4f.oem4f (.text:xdc_runtime_IHeap_alloc)
                  00008f0c    0000000a     event_pem4f.oem4f (.text:xdc_runtime_IHeap_free)
                  00008f16    00000002     --HOLE-- [fill = 0]
                  00008f18    00000008     rtsv7M4_T_le_v4SPD16_eabi.lib : errno.c.obj (.text:__aeabi_errno_addr)
                  00008f20    00000008     sysbios.aem4f : BIOS.obj (.text:ti_sysbios_family_arm_m3_Hwi_doSwiRestore__I)
                  00008f28    00000008                   : BIOS.obj (.text:ti_sysbios_family_arm_m3_Hwi_startup__E)
                  00008f30    00000006                   : BIOS.obj (.text:ti_sysbios_family_arm_m3_Hwi_doTaskRestore__I)
                  00008f36    00000002     --HOLE-- [fill = 0]
                  00008f38    00000006                   : BIOS.obj (.text:ti_sysbios_gates_GateHwi_leave__E)
                  00008f3e    00000002     --HOLE-- [fill = 0]
                  00008f40    00000006                   : BIOS.obj (.text:ti_sysbios_heaps_HeapMem_isBlocking__E)
                  00008f46    00000002     --HOLE-- [fill = 0]
                  00008f48    00000006                   : BIOS.obj (.text:ti_sysbios_knl_Queue_Instance_init__E)
                  00008f4e    00000002     --HOLE-- [fill = 0]
                  00008f50    00000006                   : BIOS.obj (.text:ti_sysbios_knl_Swi_startup__E)
                  00008f56    00000002     --HOLE-- [fill = 0]
                  00008f58    00000004                   : BIOS.obj (.text:ti_sysbios_gates_GateHwi_query__E)
                  00008f5c    00000004     --HOLE-- [fill = 0]
                  00008f60    00000004                   : BIOS.obj (.text:ti_sysbios_gates_GateMutex_query__E)
                  00008f64    00000004     --HOLE-- [fill = 0]
                  00008f68    00000004                   : BIOS.obj (.text:ti_sysbios_knl_Task_startup__E)
                  00008f6c    00000004     --HOLE-- [fill = 0]
                  00008f70    00000002                   : BIOS.obj (.text:ti_sysbios_BIOS_linkedWithIncorrectBootLibrary__E)
                  00008f72    00000006     --HOLE-- [fill = 0]
                  00008f78    00000002                   : BIOS.obj (.text:ti_sysbios_gates_GateHwi_Instance_init__E)
                  00008f7a    00000006     --HOLE-- [fill = 0]
                  00008f80    00000002                   : BIOS.obj (.text:ti_sysbios_knl_Clock_logTick__E)
                  00008f82    00000006     --HOLE-- [fill = 0]
                  00008f88    00000002                   : BIOS.obj (.text:ti_sysbios_knl_Swi_Instance_finalize__E)

.const     0    00008f8c    000027ab     
                  00008f8c    0000191c     event_pem4f.oem4f (.const:xdc_runtime_Text_charTab__A)
                  0000a8a8    000005b0     MSOE_LIB.lib : msoe_lib_lcd.obj (.const:ASCII_BIG)
                  0000ae58    000001db                  : msoe_lib_lcd.obj (.const:ASCII)
                  0000b033    00000101     rtsv7M4_T_le_v4SPD16_eabi.lib : ctype.c.obj (.const:.string:_ctypes_)
                  0000b134    000000bc     event_pem4f.oem4f (.const:xdc_runtime_Text_nodeTab__A)
                  0000b1f0    0000003c     event_pem4f.oem4f (.const:ti_sysbios_knl_Task_Object__PARAMS__C)
                  0000b22c    00000038     ti_drivers_config.obj (.const:PowerMSP432_config)
                  0000b264    00000030     event_pem4f.oem4f (.const:ti_sysbios_family_arm_m3_Hwi_Object__PARAMS__C)
                  0000b294    0000002c     event_pem4f.oem4f (.const:ti_sysbios_hal_Hwi_Object__PARAMS__C)
                  0000b2c0    00000028     event_pem4f.oem4f (.const:ti_sysbios_heaps_HeapMem_Module__FXNS__C)
                  0000b2e8    00000028     event_pem4f.oem4f (.const:ti_sysbios_knl_Swi_Object__PARAMS__C)
                  0000b310    00000024     event_pem4f.oem4f (.const:ti_sysbios_gates_GateHwi_Module__FXNS__C)
                  0000b334    00000024     event_pem4f.oem4f (.const:ti_sysbios_gates_GateMutex_Module__FXNS__C)
                  0000b358    00000024     event_pem4f.oem4f (.const:ti_sysbios_heaps_HeapMem_Object__PARAMS__C)
                  0000b37c    00000024     event_pem4f.oem4f (.const:ti_sysbios_knl_Clock_Object__PARAMS__C)
                  0000b3a0    00000024     event_pem4f.oem4f (.const:ti_sysbios_knl_Semaphore_Object__PARAMS__C)
                  0000b3c4    00000024     event_pem4f.oem4f (.const:xdc_runtime_Startup_sfxnTab__A)
                  0000b3e8    00000020     event_pem4f.oem4f (.const:ti_sysbios_family_arm_m3_Hwi_Object__DESC__C)
                  0000b408    00000020     event_pem4f.oem4f (.const:ti_sysbios_gates_GateHwi_Object__DESC__C)
                  0000b428    00000020     event_pem4f.oem4f (.const:ti_sysbios_gates_GateMutex_Object__DESC__C)
                  0000b448    00000020     event_pem4f.oem4f (.const:ti_sysbios_hal_Hwi_Object__DESC__C)
                  0000b468    00000020     event_pem4f.oem4f (.const:ti_sysbios_heaps_HeapMem_Object__DESC__C)
                  0000b488    00000020     event_pem4f.oem4f (.const:ti_sysbios_knl_Clock_Object__DESC__C)
                  0000b4a8    00000020     event_pem4f.oem4f (.const:ti_sysbios_knl_Event_Object__DESC__C)
                  0000b4c8    00000020     event_pem4f.oem4f (.const:ti_sysbios_knl_Queue_Object__DESC__C)
                  0000b4e8    00000020     event_pem4f.oem4f (.const:ti_sysbios_knl_Semaphore_Object__DESC__C)
                  0000b508    00000020     event_pem4f.oem4f (.const:ti_sysbios_knl_Swi_Object__DESC__C)
                  0000b528    00000020     event_pem4f.oem4f (.const:ti_sysbios_knl_Task_Object__DESC__C)
                  0000b548    00000018     event_pem4f.oem4f (.const:ti_sysbios_gates_GateHwi_Object__PARAMS__C)
                  0000b560    00000018     event_pem4f.oem4f (.const:ti_sysbios_gates_GateMutex_Object__PARAMS__C)
                  0000b578    00000018     event_pem4f.oem4f (.const:ti_sysbios_knl_Event_Object__PARAMS__C)
                  0000b590    00000018     event_pem4f.oem4f (.const:ti_sysbios_knl_Queue_Object__PARAMS__C)
                  0000b5a8    00000012     event_pem4f.oem4f (.const:xdc_runtime_Startup_sfxnRts__A)
                  0000b5ba    00000002     event_pem4f.oem4f (.const:ti_sysbios_family_arm_m3_Hwi_Module__id__C)
                  0000b5bc    0000000c     event_pem4f.oem4f (.const:xdc_runtime_Startup_firstFxns__A)
                  0000b5c8    00000008     event_pem4f.oem4f (.const:ti_sysbios_family_arm_m3_Hwi_excHookFuncs__A)
                  0000b5d0    00000008     event_pem4f.oem4f (.const:ti_sysbios_knl_Idle_funcList__A)
                  0000b5d8    00000008     event_pem4f.oem4f (.const:ti_sysbios_knl_Idle_funcList__C)
                  0000b5e0    00000008     event_pem4f.oem4f (.const:xdc_runtime_Startup_firstFxns__C)
                  0000b5e8    00000008     event_pem4f.oem4f (.const:xdc_runtime_Startup_lastFxns__C)
                  0000b5f0    00000004     event_pem4f.oem4f (.const:ti_sysbios_family_arm_m3_Hwi_E_NMI__C)
                  0000b5f4    00000004     event_pem4f.oem4f (.const:ti_sysbios_family_arm_m3_Hwi_E_alreadyDefined__C)
                  0000b5f8    00000004     event_pem4f.oem4f (.const:ti_sysbios_family_arm_m3_Hwi_E_badIntNum__C)
                  0000b5fc    00000004     event_pem4f.oem4f (.const:ti_sysbios_family_arm_m3_Hwi_E_busFault__C)
                  0000b600    00000004     event_pem4f.oem4f (.const:ti_sysbios_family_arm_m3_Hwi_E_debugMon__C)
                  0000b604    00000004     event_pem4f.oem4f (.const:ti_sysbios_family_arm_m3_Hwi_E_hardFault__C)
                  0000b608    00000004     event_pem4f.oem4f (.const:ti_sysbios_family_arm_m3_Hwi_E_memFault__C)
                  0000b60c    00000004     event_pem4f.oem4f (.const:ti_sysbios_family_arm_m3_Hwi_E_noIsr__C)
                  0000b610    00000004     event_pem4f.oem4f (.const:ti_sysbios_family_arm_m3_Hwi_E_reserved__C)
                  0000b614    00000004     event_pem4f.oem4f (.const:ti_sysbios_family_arm_m3_Hwi_E_svCall__C)
                  0000b618    00000004     event_pem4f.oem4f (.const:ti_sysbios_family_arm_m3_Hwi_E_usageFault__C)
                  0000b61c    00000004     event_pem4f.oem4f (.const:ti_sysbios_family_arm_m3_Hwi_NUM_INTERRUPTS__C)
                  0000b620    00000004     event_pem4f.oem4f (.const:ti_sysbios_family_arm_m3_Hwi_Object__count__C)
                  0000b624    00000004     event_pem4f.oem4f (.const:ti_sysbios_family_arm_m3_Hwi_ccr__C)
                  0000b628    00000004     event_pem4f.oem4f (.const:ti_sysbios_family_arm_m3_Hwi_excHandlerFunc__C)
                  0000b62c    00000004     event_pem4f.oem4f (.const:ti_sysbios_family_arm_m3_Hwi_excHookFuncs__C)
                  0000b630    00000004     event_pem4f.oem4f (.const:ti_sysbios_family_arm_m3_Hwi_nullIsrFunc__C)
                  0000b634    00000004     event_pem4f.oem4f (.const:ti_sysbios_family_arm_m3_Hwi_priGroup__C)
                  0000b638    00000004     event_pem4f.oem4f (.const:ti_sysbios_family_arm_m3_Hwi_swiDisable__C)
                  0000b63c    00000004     event_pem4f.oem4f (.const:ti_sysbios_family_arm_m3_Hwi_swiRestore__C)
                  0000b640    00000004     event_pem4f.oem4f (.const:ti_sysbios_family_arm_m3_TaskSupport_stackAlignment__C)
                  0000b644    00000004     event_pem4f.oem4f (.const:ti_sysbios_family_arm_msp432_Timer_numTimerDevices__C)
                  0000b648    00000004     event_pem4f.oem4f (.const:ti_sysbios_family_arm_msp432_Timer_startupNeeded__C)
                  0000b64c    00000004     event_pem4f.oem4f (.const:ti_sysbios_gates_GateMutex_Instance_State_sem__O)
                  0000b650    00000004     event_pem4f.oem4f (.const:ti_sysbios_hal_Hwi_E_stackOverflow__C)
                  0000b654    00000004     event_pem4f.oem4f (.const:ti_sysbios_heaps_HeapMem_E_memory__C)
                  0000b658    00000004     event_pem4f.oem4f (.const:ti_sysbios_heaps_HeapMem_Module__gateObj__C)
                  0000b65c    00000004     event_pem4f.oem4f (.const:ti_sysbios_heaps_HeapMem_Object__count__C)
                  0000b660    00000004     event_pem4f.oem4f (.const:ti_sysbios_heaps_HeapMem_primaryHeapBaseAddr__C)
                  0000b664    00000004     event_pem4f.oem4f (.const:ti_sysbios_heaps_HeapMem_primaryHeapEndAddr__C)
                  0000b668    00000004     event_pem4f.oem4f (.const:ti_sysbios_heaps_HeapMem_reqAlign__C)
                  0000b66c    00000004     event_pem4f.oem4f (.const:ti_sysbios_knl_Clock_Module_State_clockQ__O)
                  0000b670    00000004     event_pem4f.oem4f (.const:ti_sysbios_knl_Event_Instance_State_pendQ__O)
                  0000b674    00000004     event_pem4f.oem4f (.const:ti_sysbios_knl_Mailbox_Instance_State_freeQue__O)
                  0000b678    00000004     event_pem4f.oem4f (.const:ti_sysbios_knl_Mailbox_Object__count__C)
                  0000b67c    00000004     event_pem4f.oem4f (.const:ti_sysbios_knl_Mailbox_maxTypeAlign__C)
                  0000b680    00000004     event_pem4f.oem4f (.const:ti_sysbios_knl_Semaphore_Instance_State_pendQ__O)
                  0000b684    00000004     event_pem4f.oem4f (.const:ti_sysbios_knl_Semaphore_eventPost__C)
                  0000b688    00000004     event_pem4f.oem4f (.const:ti_sysbios_knl_Semaphore_eventSync__C)
                  0000b68c    00000004     event_pem4f.oem4f (.const:ti_sysbios_knl_Swi_Object__count__C)
                  0000b690    00000004     event_pem4f.oem4f (.const:ti_sysbios_knl_Task_E_spOutOfBounds__C)
                  0000b694    00000004     event_pem4f.oem4f (.const:ti_sysbios_knl_Task_E_stackOverflow__C)
                  0000b698    00000004     event_pem4f.oem4f (.const:ti_sysbios_knl_Task_Module_State_inactiveQ__O)
                  0000b69c    00000004     event_pem4f.oem4f (.const:ti_sysbios_knl_Task_Object__count__C)
                  0000b6a0    00000004     event_pem4f.oem4f (.const:ti_sysbios_knl_Task_allBlockedFunc__C)
                  0000b6a4    00000004     event_pem4f.oem4f (.const:ti_sysbios_knl_Task_defaultStackHeap__C)
                  0000b6a8    00000004     event_pem4f.oem4f (.const:ti_sysbios_knl_Task_defaultStackSize__C)
                  0000b6ac    00000004     event_pem4f.oem4f (.const:ti_sysbios_knl_Task_numConstructedTasks__C)
                  0000b6b0    00000004     event_pem4f.oem4f (.const:xdc_runtime_Assert_E_assertFailed__C)
                  0000b6b4    00000004     event_pem4f.oem4f (.const:xdc_runtime_Core_A_initializedParams__C)
                  0000b6b8    00000004     event_pem4f.oem4f (.const:xdc_runtime_Core_Module__diagsEnabled__C)
                  0000b6bc    00000004     event_pem4f.oem4f (.const:xdc_runtime_Core_Module__diagsIncluded__C)
                  0000b6c0    00000004     event_pem4f.oem4f (.const:xdc_runtime_Core_Module__diagsMask__C)
                  0000b6c4    00000004     event_pem4f.oem4f (.const:xdc_runtime_Error_E_memory__C)
                  0000b6c8    00000004     event_pem4f.oem4f (.const:xdc_runtime_Error_policyFxn__C)
                  0000b6cc    00000004     event_pem4f.oem4f (.const:xdc_runtime_Error_raiseHook__C)
                  0000b6d0    00000004     event_pem4f.oem4f (.const:xdc_runtime_IGateProvider_Interface__BASE__C)
                  0000b6d4    00000004     event_pem4f.oem4f (.const:xdc_runtime_IHeap_Interface__BASE__C)
                  0000b6d8    00000004     event_pem4f.oem4f (.const:xdc_runtime_IModule_Interface__BASE__C)
                  0000b6dc    00000004     event_pem4f.oem4f (.const:xdc_runtime_Memory_defaultHeapInstance__C)
                  0000b6e0    00000004     event_pem4f.oem4f (.const:xdc_runtime_Startup_execImpl__C)
                  0000b6e4    00000004     event_pem4f.oem4f (.const:xdc_runtime_Startup_maxPasses__C)
                  0000b6e8    00000004     event_pem4f.oem4f (.const:xdc_runtime_Startup_sfxnRts__C)
                  0000b6ec    00000004     event_pem4f.oem4f (.const:xdc_runtime_Startup_sfxnTab__C)
                  0000b6f0    00000004     event_pem4f.oem4f (.const:xdc_runtime_SysMin_bufSize__C)
                  0000b6f4    00000004     event_pem4f.oem4f (.const:xdc_runtime_SysMin_outputFunc__C)
                  0000b6f8    00000004     event_pem4f.oem4f (.const:xdc_runtime_System_Module__gateObj__C)
                  0000b6fc    00000004     event_pem4f.oem4f (.const:xdc_runtime_System_abortFxn__C)
                  0000b700    00000004     event_pem4f.oem4f (.const:xdc_runtime_System_exitFxn__C)
                  0000b704    00000004     event_pem4f.oem4f (.const:xdc_runtime_System_extendFxn__C)
                  0000b708    00000004     event_pem4f.oem4f (.const:xdc_runtime_System_maxAtexitHandlers__C)
                  0000b70c    00000004     event_pem4f.oem4f (.const:xdc_runtime_Text_charTab__C)
                  0000b710    00000004     event_pem4f.oem4f (.const:xdc_runtime_Text_nodeTab__C)
                  0000b714    00000004     event_pem4f.oem4f (.const:xdc_runtime_Text_visitRopeFxn__C)
                  0000b718    00000002     event_pem4f.oem4f (.const:ti_sysbios_family_arm_msp432_init_Boot_bypassHFXT__C)
                  0000b71a    00000002     event_pem4f.oem4f (.const:ti_sysbios_family_arm_msp432_init_Boot_bypassLFXT__C)
                  0000b71c    00000002     event_pem4f.oem4f (.const:ti_sysbios_family_arm_msp432_init_Boot_enableHFXT__C)
                  0000b71e    00000002     event_pem4f.oem4f (.const:ti_sysbios_family_arm_msp432_init_Boot_enableLFXT__C)
                  0000b720    00000002     event_pem4f.oem4f (.const:ti_sysbios_hal_Hwi_Module__id__C)
                  0000b722    00000002     event_pem4f.oem4f (.const:ti_sysbios_heaps_HeapMem_Module__id__C)
                  0000b724    00000002     event_pem4f.oem4f (.const:ti_sysbios_knl_Task_Module__id__C)
                  0000b726    00000002     event_pem4f.oem4f (.const:xdc_runtime_Core_Module__id__C)
                  0000b728    00000002     event_pem4f.oem4f (.const:xdc_runtime_Error_Module__loggerDefined__C)
                  0000b72a    00000002     event_pem4f.oem4f (.const:xdc_runtime_Error_maxDepth__C)
                  0000b72c    00000002     event_pem4f.oem4f (.const:xdc_runtime_Memory_Module__id__C)
                  0000b72e    00000002     event_pem4f.oem4f (.const:xdc_runtime_SysMin_flushAtExit__C)
                  0000b730    00000002     event_pem4f.oem4f (.const:xdc_runtime_Text_isLoaded__C)
                  0000b732    00000002     event_pem4f.oem4f (.const:xdc_runtime_Text_registryModsLastId__C)
                  0000b734    00000002     event_pem4f.oem4f (.const:xdc_runtime_Text_unnamedModsLastId__C)
                  0000b736    00000001     event_pem4f.oem4f (.const:xdc_runtime_Error_policy__C)

.cinit     0    0000b738    00000288     
                  0000b738    0000025e     (.cinit..data.load) [load image, compression = lzss]
                  0000b996    00000002     --HOLE-- [fill = 0]
                  0000b998    0000000c     (__TI_handler_table)
                  0000b9a4    00000004     --HOLE-- [fill = 0]
                  0000b9a8    00000008     (.cinit..bss.load) [load image, compression = zero_init]
                  0000b9b0    00000010     (__TI_cinit_table)

.init_array 
*          0    00000000    00000000     UNINITIALIZED

.bss       0    20008140    00000844     UNINITIALIZED
                  20008140    00000200     event_pem4f.oem4f (.bss:taskStackSection)
                  20008340    00000200     (.common:xdc_runtime_SysMin_Module_State_0_outbuf__A)
                  20008540    00000140     (.common:ti_sysbios_family_arm_m3_Hwi_dispatchTable)
                  20008680    00000120     rtsv7M4_T_le_v4SPD16_eabi.lib : trgmsg.c.obj (.bss:_CIOBUF_)
                  200087a0    000000a0     (.common:__TI_tmpnams)
                  20008840    0000003c     (.common:tp1)
                  2000887c    0000003c     (.common:tp2)
                  200088b8    0000002c     (.common:hwiParams)
                  200088e4    00000028     (.common:swiParams)
                  2000890c    00000024     (.common:clkParams)
                  20008930    00000020     (.common:eb)
                  20008950    00000008     msp432p4xx_driverlib.lib : cs.o (.bss)
                  20008958    00000008     (.common:parmbuf)
                  20008960    00000004     (.common:ADCvalue)
                  20008964    00000004     (.common:hwi0)
                  20008968    00000004     (.common:myClock)
                  2000896c    00000004     (.common:myEvent1)
                  20008970    00000004     (.common:myEvent2)
                  20008974    00000004     (.common:reading)
                  20008978    00000004     (.common:swi)
                  2000897c    00000004     (.common:task0)
                  20008980    00000004     (.common:task1)

.data      0    20008984    00000764     UNINITIALIZED
                  20008984    00000140     drivers_msp432p401x.aem4f : PowerMSP432.oem4f (.data:PowerMSP432_perfLevels)
                  20008ac4    000000f0     rtsv7M4_T_le_v4SPD16_eabi.lib : defs.c.obj (.data:_ftable)
                  20008bb4    00000080     event_pem4f.oem4f (.data:ti_sysbios_knl_Swi_Module_State_0_readyQ__A)
                  20008c34    00000080     event_pem4f.oem4f (.data:ti_sysbios_knl_Task_Module_State_0_readyQ__A)
                  20008cb4    00000078     rtsv7M4_T_le_v4SPD16_eabi.lib : host_device.c.obj (.data:_device)
                  20008d2c    00000050                                   : host_device.c.obj (.data:_stream)
                  20008d7c    0000004c     event_pem4f.oem4f (.data:ti_sysbios_knl_Task_Object__table__V)
                  20008dc8    00000044     event_pem4f.oem4f (.data:ti_sysbios_family_arm_msp432_Timer_Object__table__V)
                  20008e0c    00000044     event_pem4f.oem4f (.data:ti_sysbios_knl_Task_Module__state__V)
                  20008e50    00000038     event_pem4f.oem4f (.data:ti_sysbios_gates_GateMutex_Object__table__V)
                  20008e88    00000034     event_pem4f.oem4f (.data:ti_sysbios_family_arm_m3_Hwi_Module__state__V)
                  20008ebc    00000030     event_pem4f.oem4f (.data:ti_sysbios_knl_Swi_Object__table__V)
                  20008eec    0000002c     drivers_msp432p401x.aem4f : PowerMSP432.oem4f (.data:PowerMSP432_module)
                  20008f18    0000002c     event_pem4f.oem4f (.data:ti_sysbios_knl_Clock_Module__state__V)
                  20008f44    00000024     event_pem4f.oem4f (.data:ti_sysbios_BIOS_Module__state__V)
                  20008f68    00000020     event_pem4f.oem4f (.data:ti_sysbios_family_arm_msp432_Timer_Module_State_0_device__A)
                  20008f88    00000020     event_pem4f.oem4f (.data:xdc_runtime_Error_IgnoreBlock)
                  20008fa8    0000001c     event_pem4f.oem4f (.data:ti_sysbios_knl_Swi_Module__state__V)
                  20008fc4    00000018     event_pem4f.oem4f (.data:ti_sysbios_family_arm_m3_Hwi_Object__table__V)
                  20008fdc    00000018     event_pem4f.oem4f (.data:ti_sysbios_heaps_HeapMem_Object__table__V)
                  20008ff4    00000010     rtsv7M4_T_le_v4SPD16_eabi.lib : defs.c.obj (.data)
                  20009004    00000010     event_pem4f.oem4f (.data:ti_sysbios_family_arm_msp432_Timer_Module_State_0_handles__A)
                  20009014    0000000c     rtsv7M4_T_le_v4SPD16_eabi.lib : exit.c.obj (.data:$O1$$)
                  20009020    0000000c     event_pem4f.oem4f (.data:ti_sysbios_family_arm_msp432_ClockFreqs_Module__state__V)
                  2000902c    0000000c     event_pem4f.oem4f (.data:ti_sysbios_family_arm_msp432_Timer_Module__state__V)
                  20009038    0000000c     event_pem4f.oem4f (.data:xdc_runtime_SysMin_Module__state__V)
                  20009044    00000008     rtsv7M4_T_le_v4SPD16_eabi.lib : _lock.c.obj (.data:$O1$$)
                  2000904c    00000008     event_pem4f.oem4f (.data:ti_sysbios_family_arm_m3_Hwi_Module__root__V)
                  20009054    00000008     event_pem4f.oem4f (.data:ti_sysbios_gates_GateHwi_Module__root__V)
                  2000905c    00000008     event_pem4f.oem4f (.data:ti_sysbios_gates_GateMutex_Module__root__V)
                  20009064    00000008     event_pem4f.oem4f (.data:ti_sysbios_hal_Hwi_Module__root__V)
                  2000906c    00000008     event_pem4f.oem4f (.data:ti_sysbios_heaps_HeapMem_Module__root__V)
                  20009074    00000008     event_pem4f.oem4f (.data:ti_sysbios_knl_Clock_Module__root__V)
                  2000907c    00000008     event_pem4f.oem4f (.data:ti_sysbios_knl_Event_Module__root__V)
                  20009084    00000008     event_pem4f.oem4f (.data:ti_sysbios_knl_Queue_Module__root__V)
                  2000908c    00000008     event_pem4f.oem4f (.data:ti_sysbios_knl_Semaphore_Module__root__V)
                  20009094    00000008     event_pem4f.oem4f (.data:ti_sysbios_knl_Swi_Module__root__V)
                  2000909c    00000008     event_pem4f.oem4f (.data:ti_sysbios_knl_Task_Module__root__V)
                  200090a4    00000008     event_pem4f.oem4f (.data:xdc_runtime_Registry_Module__state__V)
                  200090ac    00000008     event_pem4f.oem4f (.data:xdc_runtime_Startup_Module__state__V)
                  200090b4    00000008     event_pem4f.oem4f (.data:xdc_runtime_System_Module_State_0_atexitHandlers__A)
                  200090bc    00000008     event_pem4f.oem4f (.data:xdc_runtime_System_Module__state__V)
                  200090c4    00000004     event.obj (.data)
                  200090c8    00000004     rtsv7M4_T_le_v4SPD16_eabi.lib : errno.c.obj (.data)
                  200090cc    00000004                                   : stkdepth_vars.c.obj (.data)
                  200090d0    00000004     event_pem4f.oem4f (.data:ti_sysbios_family_arm_m3_Hwi_Module_State_0_excContext__A)
                  200090d4    00000004     event_pem4f.oem4f (.data:ti_sysbios_family_arm_m3_Hwi_Module_State_0_excStack__A)
                  200090d8    00000004     event_pem4f.oem4f (.data:ti_sysbios_gates_GateHwi_Object__table__V)
                  200090dc    00000004     event_pem4f.oem4f (.data:ti_sysbios_knl_Task_Module_State_0_idleTask__A)
                  200090e0    00000004     event_pem4f.oem4f (.data:xdc_runtime_Memory_Module__state__V)
                  200090e4    00000002     event_pem4f.oem4f (.data:ti_sysbios_family_arm_m3_Hwi_Module_State_0_excActive__A)
                  200090e6    00000002     event_pem4f.oem4f (.data:xdc_runtime_Error_Module__state__V)

.priheap   0    20000140    00008000     UNINITIALIZED
                  20000140    00008000     --HOLE--

.stack     0    2000fc00    00000400     UNINITIALIZED
                  2000fc00    00000400     --HOLE--

.bootVecs 
*          0    00000000    00000008     DSECT
                  00000000    00000008     boot.aem4f : boot.oem4f (.bootVecs)

.resetVecs 
*          0    00000000    0000003c     
                  00000000    0000003c     event_pem4f.oem4f (.resetVecs)

.vecs      0    20000000    00000140     NOLOAD SECTION
                  20000000    00000140     event_pem4f.oem4f (.vecs)

xdc.meta   0    00000000    000000fb     COPY SECTION
                  00000000    000000fb     event_pem4f.oem4f (xdc.meta)

.binit     0    00000000    00000000     

MODULE SUMMARY

       Module                       code    ro data   rw data
       ------                       ----    -------   -------
    .\
       event.obj                    1040    0         624    
    +--+----------------------------+-------+---------+---------+
       Total:                       1040    0         624    
                                                             
    .\syscfg\
       ti_drivers_config.obj        14      56        0      
    +--+----------------------------+-------+---------+---------+
       Total:                       14      56        0      
                                                             
    C:\Users\simmermance\Documents\Repos\event_MSP_EXP432P401R_tirtos_ccs\Debug\configPkg\package\cfg\
       event_pem4f.oem4f            2254    7971      5408   
    +--+----------------------------+-------+---------+---------+
       Total:                       2254    7971      5408   
                                                             
    C:/Users/simmermance/Documents/2020 Q2/Adv. Embedded Systems/Libs/MSOE_LIB/MSOE_LIB/Debug/MSOE_LIB.lib
       msoe_lib_lcd.obj             3508    1931      0      
    +--+----------------------------+-------+---------+---------+
       Total:                       3508    1931      0      
                                                             
    C:/ti/simplelink_msp432p4_sdk_3_40_01_02/kernel/tirtos/packages/ti/dpl/lib/dpl_msp432p401x.aem4f
       PowerMSP432_tirtos.oem4f     122     0         0      
       HwiP_tirtos.oem4f            80      0         0      
    +--+----------------------------+-------+---------+---------+
       Total:                       202     0         0      
                                                             
    C:/ti/simplelink_msp432p4_sdk_3_40_01_02/source/ti/devices/msp432p4xx/driverlib/ccs/msp432p4xx_driverlib.lib
       pcm.o                        1770    0         0      
       cs.o                         704     0         16     
       sysctl_a.o                   64      0         0      
       rtc_c.o                      44      0         0      
       wdt_a.o                      36      0         0      
       cpu.o                        28      0         0      
       sysctl.o                     16      0         0      
    +--+----------------------------+-------+---------+---------+
       Total:                       2662    0         16     
                                                             
    C:/ti/simplelink_msp432p4_sdk_3_40_01_02/source/ti/drivers/lib/drivers_msp432p401x.aem4f
       PowerMSP432.oem4f            1864    0         728    
    +--+----------------------------+-------+---------+---------+
       Total:                       1864    0         728    
                                                             
    C:\Users\simmermance\Documents\Repos\event_MSP_EXP432P401R_tirtos_ccs\src\sysbios\sysbios.aem4f
       BIOS.obj                     9984    0         0      
       m3_Hwi_asm.obj               318     0         0      
       m3_TaskSupport_asm.obj       180     0         0      
       m3_Hwi_asm_switch.obj        118     0         0      
    +--+----------------------------+-------+---------+---------+
       Total:                       10600   0         0      
                                                             
    C:\ti\ccs920\ccs\tools\compiler\ti-cgt-arm_18.12.4.LTS\lib\rtsv7M4_T_le_v4SPD16_eabi.lib
       _printfi.c.obj               4851    0         0      
       defs.c.obj                   0       0         832    
       trgmsg.c.obj                 108     0         576    
       fd_add_t2.asm.obj            438     0         0      
       host_device.c.obj            0       0         400    
       fd_div_t2.asm.obj            310     0         0      
       fputs.c.obj                  276     0         0      
       s_scalbn.c.obj               272     0         0      
       fd_cmp_t2.asm.obj            268     0         0      
       ctype.c.obj                  0       257       0      
       fd_mul_t2.asm.obj            252     0         0      
       setvbuf.c.obj                220     0         0      
       memcpy_t2.asm.obj            156     0         0      
       ull_div_t2.asm.obj           150     0         0      
       fputc.c.obj                  140     0         0      
       memset_t2.asm.obj            122     0         0      
       fclose.c.obj                 116     0         0      
       getdevice.c.obj              116     0         0      
       hostopen.c.obj               96      0         16     
       printf.c.obj                 112     0         0      
       hostrename.c.obj             108     0         0      
       copy_decompress_lzss.c.obj   104     0         0      
       hostlseek.c.obj              104     0         0      
       exit.c.obj                   76      0         24     
       fseek.c.obj                  100     0         0      
       s_frexp.c.obj                100     0         0      
       _io_perm.c.obj               98      0         0      
       close.c.obj                  92      0         0      
       hostread.c.obj               88      0         0      
       hostwrite.c.obj              88      0         0      
       ltoa.c.obj                   84      0         0      
       atoi.c.obj                   76      0         0      
       cpy_tbl.c.obj                76      0         0      
       fflush.c.obj                 76      0         0      
       fd_toi_t2.asm.obj            72      0         0      
       hostclose.c.obj              68      0         0      
       hostunlink.c.obj             68      0         0      
       u_divt2.asm.obj              64      0         0      
       fs_tod_t2.asm.obj            56      0         0      
       strncpy.c.obj                54      0         0      
       fopen.c.obj                  52      0         0      
       i_tofd_t2.asm.obj            46      0         0      
       unlink.c.obj                 44      0         0      
       _lock.c.obj                  26      0         16     
       lseek.c.obj                  40      0         0      
       write.c.obj                  40      0         0      
       memchr.c.obj                 32      0         0      
       u_tofd_t2.asm.obj            32      0         0      
       memccpy.c.obj                28      0         0      
       s_copysign.c.obj             26      0         0      
       args_main.c.obj              24      0         0      
       strcmp.c.obj                 24      0         0      
       strchr.c.obj                 22      0         0      
       strcpy.c.obj                 20      0         0      
       strlen.c.obj                 20      0         0      
       wcslen.c.obj                 18      0         0      
       errno.c.obj                  8       0         8      
       copy_decompress_none.c.obj   14      0         0      
       copy_zero_init.c.obj         12      0         0      
       stkdepth_vars.c.obj          0       0         8      
       div0.asm.obj                 2       0         0      
    +--+----------------------------+-------+---------+---------+
       Total:                       10185   257       1880   
                                                             
    C:\ti\simplelink_msp432p4_sdk_3_40_01_02\kernel\tirtos\packages\ti\targets\arm\rtsarm\lib\auto_init.aem4f
       auto_init.oem4f              160     0         0      
    +--+----------------------------+-------+---------+---------+
       Total:                       160     0         0      
                                                             
    C:\ti\simplelink_msp432p4_sdk_3_40_01_02\kernel\tirtos\packages\ti\targets\arm\rtsarm\lib\boot.aem4f
       boot.oem4f                   88      0         0      
    +--+----------------------------+-------+---------+---------+
       Total:                       88      0         0      
                                                             
    C:\ti\simplelink_msp432p4_sdk_3_40_01_02\kernel\tirtos\packages\ti\targets\arm\rtsarm\lib\ti.targets.arm.rtsarm.aem4f
       System.oem4f                 1249    0         0      
       Text.oem4f                   596     0         0      
       Error.oem4f                  500     0         0      
       Startup.oem4f                344     0         0      
       Core-mem.oem4f               334     0         0      
       SysMin.oem4f                 248     0         0      
       Core-smem.oem4f              204     0         0      
       Memory.oem4f                 180     0         0      
       Assert.oem4f                 76      0         0      
[...]
00008e51  ti_sysbios_family_arm_m3_TaskSupport_checkStack__E              
00008e51  ti_sysbios_knl_Task_SupportProxy_checkStack__E                  
00008e61  ti_sysbios_family_arm_m3_TaskSupport_getStackAlignment__E       
00008e61  ti_sysbios_knl_Task_SupportProxy_getStackAlignment__E           
00008e71  ti_sysbios_family_arm_msp432_Timer_getMaxTicks__E               
00008e81  ti_sysbios_gates_GateHwi_enter__E                               
00008e8d  ti_sysbios_hal_Hwi_Params__init__S                              
00008e99  ti_sysbios_knl_Clock_Params__init__S                            
00008ea5  ti_sysbios_knl_Queue_Object__get__S                             
00008eb1  ti_sysbios_knl_Swi_Params__init__S                              
00008ebd  ti_sysbios_knl_Task_Params__init__S                             
00008ec9  xdc_runtime_Gate_enterSystem__E                                 
00008ed5  xdc_runtime_Memory_calloc__E                                    
00008ee1  xdc_runtime_Memory_getMaxDefaultTypeAlign__E                    
00008eed  xdc_runtime_Startup_rtsDone__E                                  
00008ef9  ti_sysbios_hal_Hwi_Instance_finalize__E                         
00008f03  xdc_runtime_Memory_HeapProxy_alloc__E                           
00008f0d  xdc_runtime_Memory_HeapProxy_free__E                            
00008f19  __aeabi_errno_addr                                              
00008f21  ti_sysbios_family_arm_m3_Hwi_doSwiRestore__I                    
00008f29  ti_sysbios_family_arm_m3_Hwi_startup__E                         
00008f29  ti_sysbios_hal_Hwi_HwiProxy_startup__E                          
00008f29  ti_sysbios_hal_Hwi_startup__E                                   
00008f31  ti_sysbios_family_arm_m3_Hwi_doTaskRestore__I                   
00008f39  ti_sysbios_gates_GateHwi_leave__E                               
00008f41  ti_sysbios_heaps_HeapMem_isBlocking__E                          
00008f49  ti_sysbios_knl_Queue_Instance_init__E                           
00008f51  ti_sysbios_knl_Swi_startup__E                                   
00008f59  ti_sysbios_gates_GateHwi_query__E                               
00008f59  xdc_runtime_Main_Module_GateProxy_query__E                      
00008f59  xdc_runtime_System_Module_GateProxy_query__E                    
00008f61  ti_sysbios_BIOS_RtsGateProxy_query__E                           
00008f61  ti_sysbios_gates_GateMutex_query__E                             
00008f61  ti_sysbios_heaps_HeapMem_Module_GateProxy_query__E              
00008f69  ti_sysbios_knl_Task_startup__E                                  
00008f71  ti_sysbios_BIOS_linkedWithIncorrectBootLibrary__E               
00008f79  ti_sysbios_gates_GateHwi_Instance_init__E                       
00008f81  ti_sysbios_knl_Clock_logTick__E                                 
00008f89  ti_sysbios_knl_Swi_Instance_finalize__E                         
00008f8c  xdc_runtime_Text_charTab__A                                     
0000b033  _ctypes_                                                        
0000b134  xdc_runtime_Text_nodeTab__A                                     
0000b1f0  ti_sysbios_knl_Task_Object__PARAMS__C                           
0000b22c  PowerMSP432_config                                              
0000b264  ti_sysbios_family_arm_m3_Hwi_Object__PARAMS__C                  
0000b294  ti_sysbios_hal_Hwi_Object__PARAMS__C                            
0000b2c0  ti_sysbios_heaps_HeapMem_Module__FXNS__C                        
0000b2e8  ti_sysbios_knl_Swi_Object__PARAMS__C                            
0000b310  ti_sysbios_gates_GateHwi_Module__FXNS__C                        
0000b334  ti_sysbios_gates_GateMutex_Module__FXNS__C                      
0000b358  ti_sysbios_heaps_HeapMem_Object__PARAMS__C                      
0000b37c  ti_sysbios_knl_Clock_Object__PARAMS__C                          
0000b3a0  ti_sysbios_knl_Semaphore_Object__PARAMS__C                      
0000b3c4  xdc_runtime_Startup_sfxnTab__A                                  
0000b3e8  ti_sysbios_family_arm_m3_Hwi_Object__DESC__C                    
0000b408  ti_sysbios_gates_GateHwi_Object__DESC__C                        
0000b428  ti_sysbios_gates_GateMutex_Object__DESC__C                      
0000b448  ti_sysbios_hal_Hwi_Object__DESC__C                              
0000b468  ti_sysbios_heaps_HeapMem_Object__DESC__C                        
0000b488  ti_sysbios_knl_Clock_Object__DESC__C                            
0000b4a8  ti_sysbios_knl_Event_Object__DESC__C                            
0000b4c8  ti_sysbios_knl_Queue_Object__DESC__C                            
0000b4e8  ti_sysbios_knl_Semaphore_Object__DESC__C                        
0000b508  ti_sysbios_knl_Swi_Object__DESC__C                              
0000b528  ti_sysbios_knl_Task_Object__DESC__C                             
0000b548  ti_sysbios_gates_GateHwi_Object__PARAMS__C                      
0000b560  ti_sysbios_gates_GateMutex_Object__PARAMS__C                    
0000b578  ti_sysbios_knl_Event_Object__PARAMS__C                          
0000b590  ti_sysbios_knl_Queue_Object__PARAMS__C                          
0000b5a8  xdc_runtime_Startup_sfxnRts__A                                  
0000b5ba  ti_sysbios_family_arm_m3_Hwi_Module__id__C                      
0000b5bc  xdc_runtime_Startup_firstFxns__A                                
0000b5c8  ti_sysbios_family_arm_m3_Hwi_excHookFuncs__A                    
0000b5d0  ti_sysbios_knl_Idle_funcList__A                                 
0000b5d8  ti_sysbios_knl_Idle_funcList__C                                 
0000b5e0  xdc_runtime_Startup_firstFxns__C                                
0000b5e8  xdc_runtime_Startup_lastFxns__C                                 
0000b5f0  ti_sysbios_family_arm_m3_Hwi_E_NMI__C                           
0000b5f4  ti_sysbios_family_arm_m3_Hwi_E_alreadyDefined__C                
0000b5f8  ti_sysbios_family_arm_m3_Hwi_E_badIntNum__C                     
0000b5fc  ti_sysbios_family_arm_m3_Hwi_E_busFault__C                      
0000b600  ti_sysbios_family_arm_m3_Hwi_E_debugMon__C                      
0000b604  ti_sysbios_family_arm_m3_Hwi_E_hardFault__C                     
0000b608  ti_sysbios_family_arm_m3_Hwi_E_memFault__C                      
0000b60c  ti_sysbios_family_arm_m3_Hwi_E_noIsr__C                         
0000b610  ti_sysbios_family_arm_m3_Hwi_E_reserved__C                      
0000b614  ti_sysbios_family_arm_m3_Hwi_E_svCall__C                        
0000b618  ti_sysbios_family_arm_m3_Hwi_E_usageFault__C                    
0000b61c  ti_sysbios_family_arm_m3_Hwi_NUM_INTERRUPTS__C                  
0000b620  ti_sysbios_family_arm_m3_Hwi_Object__count__C                   
0000b624  ti_sysbios_family_arm_m3_Hwi_ccr__C                             
0000b628  ti_sysbios_family_arm_m3_Hwi_excHandlerFunc__C                  
0000b62c  ti_sysbios_family_arm_m3_Hwi_excHookFuncs__C                    
0000b630  ti_sysbios_family_arm_m3_Hwi_nullIsrFunc__C                     
0000b634  ti_sysbios_family_arm_m3_Hwi_priGroup__C                        
0000b638  ti_sysbios_family_arm_m3_Hwi_swiDisable__C                      
0000b63c  ti_sysbios_family_arm_m3_Hwi_swiRestore__C                      
0000b640  ti_sysbios_family_arm_m3_TaskSupport_stackAlignment__C          
0000b644  ti_sysbios_family_arm_msp432_Timer_numTimerDevices__C           
0000b648  ti_sysbios_family_arm_msp432_Timer_startupNeeded__C             
0000b64c  ti_sysbios_gates_GateMutex_Instance_State_sem__O                
0000b650  ti_sysbios_hal_Hwi_E_stackOverflow__C                           
0000b654  ti_sysbios_heaps_HeapMem_E_memory__C                            
0000b658  ti_sysbios_heaps_HeapMem_Module__gateObj__C                     
0000b65c  ti_sysbios_heaps_HeapMem_Object__count__C                       
0000b660  ti_sysbios_heaps_HeapMem_primaryHeapBaseAddr__C                 
0000b664  ti_sysbios_heaps_HeapMem_primaryHeapEndAddr__C                  
0000b668  ti_sysbios_heaps_HeapMem_reqAlign__C                            
0000b66c  ti_sysbios_knl_Clock_Module_State_clockQ__O                     
0000b670  ti_sysbios_knl_Event_Instance_State_pendQ__O                    
0000b674  ti_sysbios_knl_Mailbox_Instance_State_freeQue__O                
0000b678  ti_sysbios_knl_Mailbox_Object__count__C                         
0000b67c  ti_sysbios_knl_Mailbox_maxTypeAlign__C                          
0000b680  ti_sysbios_knl_Semaphore_Instance_State_pendQ__O                
0000b684  ti_sysbios_knl_Semaphore_eventPost__C                           
0000b688  ti_sysbios_knl_Semaphore_eventSync__C                           
0000b68c  ti_sysbios_knl_Swi_Object__count__C                             
0000b690  ti_sysbios_knl_Task_E_spOutOfBounds__C                          
0000b694  ti_sysbios_knl_Task_E_stackOverflow__C                          
0000b698  ti_sysbios_knl_Task_Module_State_inactiveQ__O                   
0000b69c  ti_sysbios_knl_Task_Object__count__C                            
0000b6a0  ti_sysbios_knl_Task_allBlockedFunc__C                           
0000b6a4  ti_sysbios_knl_Task_defaultStackHeap__C                         
0000b6a8  ti_sysbios_knl_Task_defaultStackSize__C                         
0000b6ac  ti_sysbios_knl_Task_numConstructedTasks__C                      
0000b6b0  xdc_runtime_Assert_E_assertFailed__C                            
0000b6b4  xdc_runtime_Core_A_initializedParams__C                         
0000b6b8  xdc_runtime_Core_Module__diagsEnabled__C                        
0000b6bc  xdc_runtime_Core_Module__diagsIncluded__C                       
0000b6c0  xdc_runtime_Core_Module__diagsMask__C                           
0000b6c4  xdc_runtime_Error_E_memory__C                                   
0000b6c8  xdc_runtime_Error_policyFxn__C                                  
0000b6cc  xdc_runtime_Error_raiseHook__C                                  
0000b6d0  xdc_runtime_IGateProvider_Interface__BASE__C                    
0000b6d4  xdc_runtime_IHeap_Interface__BASE__C                            
0000b6d8  xdc_runtime_IModule_Interface__BASE__C                          
0000b6dc  xdc_runtime_Memory_defaultHeapInstance__C                       
0000b6e0  xdc_runtime_Startup_execImpl__C                                 
0000b6e4  xdc_runtime_Startup_maxPasses__C                                
0000b6e8  xdc_runtime_Startup_sfxnRts__C                                  
0000b6ec  xdc_runtime_Startup_sfxnTab__C                                  
0000b6f0  xdc_runtime_SysMin_bufSize__C                                   
0000b6f4  xdc_runtime_SysMin_outputFunc__C                                
0000b6f8  xdc_runtime_System_Module__gateObj__C                           
0000b6fc  xdc_runtime_System_abortFxn__C                                  
0000b700  xdc_runtime_System_exitFxn__C                                   
0000b704  xdc_runtime_System_extendFxn__C                                 
0000b708  xdc_runtime_System_maxAtexitHandlers__C                         
0000b70c  xdc_runtime_Text_charTab__C                                     
0000b710  xdc_runtime_Text_nodeTab__C                                     
0000b714  xdc_runtime_Text_visitRopeFxn__C                                
0000b718  ti_sysbios_family_arm_msp432_init_Boot_bypassHFXT__C            
0000b71a  ti_sysbios_family_arm_msp432_init_Boot_bypassLFXT__C            
0000b71c  ti_sysbios_family_arm_msp432_init_Boot_enableHFXT__C            
0000b71e  ti_sysbios_family_arm_msp432_init_Boot_enableLFXT__C            
0000b720  ti_sysbios_hal_Hwi_Module__id__C                                
0000b722  ti_sysbios_heaps_HeapMem_Module__id__C                          
0000b724  ti_sysbios_knl_Task_Module__id__C                               
0000b726  xdc_runtime_Core_Module__id__C                                  
0000b728  xdc_runtime_Error_Module__loggerDefined__C                      
0000b72a  xdc_runtime_Error_maxDepth__C                                   
0000b72c  xdc_runtime_Memory_Module__id__C                                
0000b72e  xdc_runtime_SysMin_flushAtExit__C                               
0000b730  xdc_runtime_Text_isLoaded__C                                    
0000b732  xdc_runtime_Text_registryModsLastId__C                          
0000b734  xdc_runtime_Text_unnamedModsLastId__C                           
0000b736  xdc_runtime_Error_policy__C                                     
0000b738  __TI_static_base__                                              
0000b998  __TI_Handler_Table_Base                                         
0000b9a4  __TI_Handler_Table_Limit                                        
0000b9b0  __TI_CINIT_Base                                                 
0000b9c0  __TI_CINIT_Limit                                                
20000000  ti_sysbios_family_arm_m3_Hwi_ramVectors                         
20000140  __primary_heap_start__                                          
20008140  __primary_heap_end__                                            
20008140  ti_sysbios_knl_Task_Instance_State_0_stack__A                   
20008340  xdc_runtime_SysMin_Module_State_0_outbuf__A                     
20008540  ti_sysbios_family_arm_m3_Hwi_dispatchTable                      
20008680  __CIOBUF_                                                       
200087a0  __TI_tmpnams                                                    
20008840  tp1                                                             
2000887c  tp2                                                             
200088b8  hwiParams                                                       
200088e4  swiParams                                                       
2000890c  clkParams                                                       
20008930  eb                                                              
20008958  parmbuf                                                         
20008960  ADCvalue                                                        
20008964  hwi0                                                            
20008968  myClock                                                         
2000896c  myEvent1                                                        
20008970  myEvent2                                                        
20008974  reading                                                         
20008978  swi                                                             
2000897c  task0                                                           
20008980  task1                                                           
20008984  PowerMSP432_perfLevels                                          
20008ac4  _ftable                                                         
20008bb4  ti_sysbios_knl_Swi_Module_State_0_readyQ__A                     
20008c34  ti_sysbios_knl_Task_Module_State_0_readyQ__A                    
20008cb4  _device                                                         
20008d2c  _stream                                                         
20008d7c  ti_sysbios_knl_Task_Object__table__V                            
20008dc8  ti_sysbios_family_arm_msp432_Timer_Object__table__V             
20008e0c  ti_sysbios_knl_Task_Module__state__V                            
20008e50  ti_sysbios_gates_GateMutex_Object__table__V                     
20008e88  ti_sysbios_family_arm_m3_Hwi_Module__state__V                   
20008ebc  ti_sysbios_knl_Swi_Object__table__V                             
20008eec  PowerMSP432_module                                              
20008f18  ti_sysbios_knl_Clock_Module__state__V                           
20008f44  ti_sysbios_BIOS_Module__state__V                                
20008f68  ti_sysbios_family_arm_msp432_Timer_Module_State_0_device__A     
20008f88  xdc_runtime_Error_IgnoreBlock                                   
20008fa8  ti_sysbios_knl_Swi_Module__state__V                             
20008fc4  ti_sysbios_family_arm_m3_Hwi_Object__table__V                   
20008fdc  ti_sysbios_heaps_HeapMem_Object__table__V                       
20008ff4  __TI_ft_end                                                     
20008ff8  __aeabi_stdin                                                   
20008ffc  __aeabi_stdout                                                  
20009000  __aeabi_stderr                                                  
20009004  ti_sysbios_family_arm_msp432_Timer_Module_State_0_handles__A    
20009014  __TI_cleanup_ptr                                                
20009018  __TI_dtors_ptr                                                  
2000901c  __TI_enable_exit_profile_output                                 
20009020  ti_sysbios_family_arm_msp432_ClockFreqs_Module__state__V        
2000902c  ti_sysbios_family_arm_msp432_Timer_Module__state__V             
20009038  xdc_runtime_SysMin_Module__state__V                             
20009044  _lock                                                           
20009048  _unlock                                                         
2000904c  ti_sysbios_family_arm_m3_Hwi_Module__root__V                    
20009054  ti_sysbios_gates_GateHwi_Module__root__V                        
2000905c  ti_sysbios_gates_GateMutex_Module__root__V                      
20009064  ti_sysbios_hal_Hwi_Module__root__V                              
2000906c  ti_sysbios_heaps_HeapMem_Module__root__V                        
20009074  ti_sysbios_knl_Clock_Module__root__V                            
2000907c  ti_sysbios_knl_Event_Module__root__V                            
20009084  ti_sysbios_knl_Queue_Module__root__V                            
2000908c  ti_sysbios_knl_Semaphore_Module__root__V                        
20009094  ti_sysbios_knl_Swi_Module__root__V                              
2000909c  ti_sysbios_knl_Task_Module__root__V                             
200090a4  xdc_runtime_Registry_Module__state__V                           
200090ac  xdc_runtime_Startup_Module__state__V                            
200090b4  xdc_runtime_System_Module_State_0_atexitHandlers__A             
200090bc  xdc_runtime_System_Module__state__V                             
200090c4  samesamebutnotdifferent                                         
200090c8  errno                                                           
200090cc  main_func_sp                                                    
200090d0  ti_sysbios_family_arm_m3_Hwi_Module_State_0_excContext__A       
200090d4  ti_sysbios_family_arm_m3_Hwi_Module_State_0_excStack__A         
200090d8  ti_sysbios_gates_GateHwi_Object__table__V                       
200090dc  ti_sysbios_knl_Task_Module_State_0_idleTask__A                  
200090e0  xdc_runtime_Memory_Module__state__V                             
200090e4  ti_sysbios_family_arm_m3_Hwi_Module_State_0_excActive__A        
200090e6  xdc_runtime_Error_Module__state__V                              
2000fc00  __stack                                                         
20010000  __STACK_END                                                     
4000480c  WDTCTL_SYM                                                      
e000e000  ti_sysbios_family_arm_m3_Hwi_nvic                               
ffffffff  __TI_pprof_out_hndl                                             
ffffffff  __TI_prof_data_size                                             
ffffffff  __TI_prof_data_start                                            
ffffffff  __binit__                                                       
ffffffff  __c_args__                                                      
ffffffff  binit                                                           
UNDEFED   SHT$$INIT_ARRAY$$Base                                           
UNDEFED   SHT$$INIT_ARRAY$$Limit                                          

[682 symbols]
